Archive member included to satisfy reference by file (symbol)

/home/zgsdlv/.arduino15/packages/STMicroelectronics/tools/xpack-arm-none-eabi-gcc/14.2.1-1.1/bin/../lib/gcc/arm-none-eabi/14.2.1/../../../../arm-none-eabi/lib/thumb/v7e-m/nofp/libc_nano.a(libc_a-atexit.o)
                              /home/zgsdlv/.arduino15/packages/STMicroelectronics/tools/xpack-arm-none-eabi-gcc/14.2.1-1.1/bin/../lib/gcc/arm-none-eabi/14.2.1/../../../../arm-none-eabi/lib/thumb/v7e-m/nofp/crt0.o (atexit)
/home/zgsdlv/.arduino15/packages/STMicroelectronics/tools/xpack-arm-none-eabi-gcc/14.2.1-1.1/bin/../lib/gcc/arm-none-eabi/14.2.1/../../../../arm-none-eabi/lib/thumb/v7e-m/nofp/libc_nano.a(libc_a-exit.o)
                              /home/zgsdlv/.arduino15/packages/STMicroelectronics/tools/xpack-arm-none-eabi-gcc/14.2.1-1.1/bin/../lib/gcc/arm-none-eabi/14.2.1/../../../../arm-none-eabi/lib/thumb/v7e-m/nofp/crt0.o (exit)
/home/zgsdlv/.arduino15/packages/STMicroelectronics/tools/xpack-arm-none-eabi-gcc/14.2.1-1.1/bin/../lib/gcc/arm-none-eabi/14.2.1/../../../../arm-none-eabi/lib/thumb/v7e-m/nofp/libc_nano.a(libc_a-findfp.o)
                              /home/zgsdlv/.arduino15/packages/STMicroelectronics/tools/xpack-arm-none-eabi-gcc/14.2.1-1.1/bin/../lib/gcc/arm-none-eabi/14.2.1/../../../../arm-none-eabi/lib/thumb/v7e-m/nofp/libc_nano.a(libc_a-exit.o) (__stdio_exit_handler)
/home/zgsdlv/.arduino15/packages/STMicroelectronics/tools/xpack-arm-none-eabi-gcc/14.2.1-1.1/bin/../lib/gcc/arm-none-eabi/14.2.1/../../../../arm-none-eabi/lib/thumb/v7e-m/nofp/libc_nano.a(libc_a-fwalk.o)
                              /home/zgsdlv/.arduino15/packages/STMicroelectronics/tools/xpack-arm-none-eabi-gcc/14.2.1-1.1/bin/../lib/gcc/arm-none-eabi/14.2.1/../../../../arm-none-eabi/lib/thumb/v7e-m/nofp/libc_nano.a(libc_a-findfp.o) (_fwalk_sglue)
/home/zgsdlv/.arduino15/packages/STMicroelectronics/tools/xpack-arm-none-eabi-gcc/14.2.1-1.1/bin/../lib/gcc/arm-none-eabi/14.2.1/../../../../arm-none-eabi/lib/thumb/v7e-m/nofp/libc_nano.a(libc_a-stdio.o)
                              /home/zgsdlv/.arduino15/packages/STMicroelectronics/tools/xpack-arm-none-eabi-gcc/14.2.1-1.1/bin/../lib/gcc/arm-none-eabi/14.2.1/../../../../arm-none-eabi/lib/thumb/v7e-m/nofp/libc_nano.a(libc_a-findfp.o) (__sread)
/home/zgsdlv/.arduino15/packages/STMicroelectronics/tools/xpack-arm-none-eabi-gcc/14.2.1-1.1/bin/../lib/gcc/arm-none-eabi/14.2.1/../../../../arm-none-eabi/lib/thumb/v7e-m/nofp/libc_nano.a(libc_a-memset.o)
                              /home/zgsdlv/.arduino15/packages/STMicroelectronics/tools/xpack-arm-none-eabi-gcc/14.2.1-1.1/bin/../lib/gcc/arm-none-eabi/14.2.1/../../../../arm-none-eabi/lib/thumb/v7e-m/nofp/crt0.o (memset)
/home/zgsdlv/.arduino15/packages/STMicroelectronics/tools/xpack-arm-none-eabi-gcc/14.2.1-1.1/bin/../lib/gcc/arm-none-eabi/14.2.1/../../../../arm-none-eabi/lib/thumb/v7e-m/nofp/libc_nano.a(libc_a-closer.o)
                              /home/zgsdlv/.arduino15/packages/STMicroelectronics/tools/xpack-arm-none-eabi-gcc/14.2.1-1.1/bin/../lib/gcc/arm-none-eabi/14.2.1/../../../../arm-none-eabi/lib/thumb/v7e-m/nofp/libc_nano.a(libc_a-stdio.o) (_close_r)
/home/zgsdlv/.arduino15/packages/STMicroelectronics/tools/xpack-arm-none-eabi-gcc/14.2.1-1.1/bin/../lib/gcc/arm-none-eabi/14.2.1/../../../../arm-none-eabi/lib/thumb/v7e-m/nofp/libc_nano.a(libc_a-reent.o)
                              /home/zgsdlv/.arduino15/packages/STMicroelectronics/tools/xpack-arm-none-eabi-gcc/14.2.1-1.1/bin/../lib/gcc/arm-none-eabi/14.2.1/../../../../arm-none-eabi/lib/thumb/v7e-m/nofp/libc_nano.a(libc_a-closer.o) (errno)
/home/zgsdlv/.arduino15/packages/STMicroelectronics/tools/xpack-arm-none-eabi-gcc/14.2.1-1.1/bin/../lib/gcc/arm-none-eabi/14.2.1/../../../../arm-none-eabi/lib/thumb/v7e-m/nofp/libc_nano.a(libc_a-impure.o)
                              /home/zgsdlv/.arduino15/packages/STMicroelectronics/tools/xpack-arm-none-eabi-gcc/14.2.1-1.1/bin/../lib/gcc/arm-none-eabi/14.2.1/../../../../arm-none-eabi/lib/thumb/v7e-m/nofp/libc_nano.a(libc_a-reent.o) (_impure_ptr)
/home/zgsdlv/.arduino15/packages/STMicroelectronics/tools/xpack-arm-none-eabi-gcc/14.2.1-1.1/bin/../lib/gcc/arm-none-eabi/14.2.1/../../../../arm-none-eabi/lib/thumb/v7e-m/nofp/libc_nano.a(libc_a-lseekr.o)
                              /home/zgsdlv/.arduino15/packages/STMicroelectronics/tools/xpack-arm-none-eabi-gcc/14.2.1-1.1/bin/../lib/gcc/arm-none-eabi/14.2.1/../../../../arm-none-eabi/lib/thumb/v7e-m/nofp/libc_nano.a(libc_a-stdio.o) (_lseek_r)
/home/zgsdlv/.arduino15/packages/STMicroelectronics/tools/xpack-arm-none-eabi-gcc/14.2.1-1.1/bin/../lib/gcc/arm-none-eabi/14.2.1/../../../../arm-none-eabi/lib/thumb/v7e-m/nofp/libc_nano.a(libc_a-readr.o)
                              /home/zgsdlv/.arduino15/packages/STMicroelectronics/tools/xpack-arm-none-eabi-gcc/14.2.1-1.1/bin/../lib/gcc/arm-none-eabi/14.2.1/../../../../arm-none-eabi/lib/thumb/v7e-m/nofp/libc_nano.a(libc_a-stdio.o) (_read_r)
[...]
Memory Configuration

Name             Origin             Length             Attributes
ROM              0x08000000         0x00040000         xr
RAM1             0x20000000         0x00008000         xrw
RAM2             0x20008000         0x00008000         xrw
*default*        0x00000000         0xffffffff

Linker script and memory map

LOAD /home/zgsdlv/.arduino15/packages/STMicroelectronics/tools/xpack-arm-none-eabi-gcc/14.2.1-1.1/bin/../lib/gcc/arm-none-eabi/14.2.1/thumb/v7e-m/nofp/crti.o
LOAD /home/zgsdlv/.arduino15/packages/STMicroelectronics/tools/xpack-arm-none-eabi-gcc/14.2.1-1.1/bin/../lib/gcc/arm-none-eabi/14.2.1/thumb/v7e-m/nofp/crtbegin.o
LOAD /home/zgsdlv/.arduino15/packages/STMicroelectronics/tools/xpack-arm-none-eabi-gcc/14.2.1-1.1/bin/../lib/gcc/arm-none-eabi/14.2.1/../../../../arm-none-eabi/lib/thumb/v7e-m/nofp/crt0.o
LOAD build/debug/app_freertos.o
LOAD build/debug/app_subghz_phy.o
LOAD build/debug/cmsis_os2.o
LOAD build/debug/croutine.o
LOAD build/debug/event_groups.o
LOAD build/debug/heap_4.o
LOAD build/debug/list.o
LOAD build/debug/lr_fhss_mac.o
LOAD build/debug/main.o
LOAD build/debug/port.o
LOAD build/debug/queue.o
LOAD build/debug/radio.o
LOAD build/debug/radio_board_if.o
LOAD build/debug/radio_driver.o
LOAD build/debug/radio_fw.o
LOAD build/debug/stm32_adv_trace.o
LOAD build/debug/stm32_lpm.o
LOAD build/debug/stm32_lpm_if.o
LOAD build/debug/stm32_mem.o
LOAD build/debug/stm32_systime.o
LOAD build/debug/stm32_timer.o
LOAD build/debug/stm32_tiny_sscanf.o
LOAD build/debug/stm32_tiny_vsnprintf.o
LOAD build/debug/stm32wlxx_hal.o
LOAD build/debug/stm32wlxx_hal_cortex.o
LOAD build/debug/stm32wlxx_hal_dma.o
LOAD build/debug/stm32wlxx_hal_dma_ex.o
LOAD build/debug/stm32wlxx_hal_exti.o
LOAD build/debug/stm32wlxx_hal_flash.o
LOAD build/debug/stm32wlxx_hal_flash_ex.o
LOAD build/debug/stm32wlxx_hal_gpio.o
LOAD build/debug/stm32wlxx_hal_msp.o
LOAD build/debug/stm32wlxx_hal_pwr.o
LOAD build/debug/stm32wlxx_hal_pwr_ex.o
LOAD build/debug/stm32wlxx_hal_rcc.o
LOAD build/debug/stm32wlxx_hal_rcc_ex.o
LOAD build/debug/stm32wlxx_hal_rtc.o
LOAD build/debug/stm32wlxx_hal_rtc_ex.o
LOAD build/debug/stm32wlxx_hal_subghz.o
LOAD build/debug/stm32wlxx_hal_tim.o
LOAD build/debug/stm32wlxx_hal_tim_ex.o
LOAD build/debug/stm32wlxx_hal_timebase_tim.o
LOAD build/debug/stm32wlxx_hal_uart.o
LOAD build/debug/stm32wlxx_hal_uart_ex.o
LOAD build/debug/stm32wlxx_it.o
LOAD build/debug/stream_buffer.o
LOAD build/debug/subghz_phy_app.o
LOAD build/debug/sys_app.o
LOAD build/debug/syscalls.o
LOAD build/debug/sysmem.o
LOAD build/debug/system_stm32wlxx.o
LOAD build/debug/tasks.o
LOAD build/debug/timer_if.o
LOAD build/debug/timers.o
LOAD build/debug/usart_if.o
LOAD build/debug/wl_lr_fhss.o
LOAD build/debug/startup_stm32wle5xx.o
LOAD /home/zgsdlv/.arduino15/packages/STMicroelectronics/tools/xpack-arm-none-eabi-gcc/14.2.1-1.1/bin/../lib/gcc/arm-none-eabi/14.2.1/../../../../arm-none-eabi/lib/thumb/v7e-m/nofp/libc_nano.a
LOAD /home/zgsdlv/.arduino15/packages/STMicroelectronics/tools/xpack-arm-none-eabi-gcc/14.2.1-1.1/bin/../lib/gcc/arm-none-eabi/14.2.1/../../../../arm-none-eabi/lib/thumb/v7e-m/nofp/libm.a
LOAD /home/zgsdlv/.arduino15/packages/STMicroelectronics/tools/xpack-arm-none-eabi-gcc/14.2.1-1.1/bin/../lib/gcc/arm-none-eabi/14.2.1/../../../../arm-none-eabi/lib/thumb/v7e-m/nofp/libnosys.a
START GROUP
LOAD /home/zgsdlv/.arduino15/packages/STMicroelectronics/tools/xpack-arm-none-eabi-gcc/14.2.1-1.1/bin/../lib/gcc/arm-none-eabi/14.2.1/thumb/v7e-m/nofp/libgcc.a
LOAD /home/zgsdlv/.arduino15/packages/STMicroelectronics/tools/xpack-arm-none-eabi-gcc/14.2.1-1.1/bin/../lib/gcc/arm-none-eabi/14.2.1/../../../../arm-none-eabi/lib/thumb/v7e-m/nofp/libc_nano.a
END GROUP
START GROUP
LOAD /home/zgsdlv/.arduino15/packages/STMicroelectronics/tools/xpack-arm-none-eabi-gcc/14.2.1-1.1/bin/../lib/gcc/arm-none-eabi/14.2.1/thumb/v7e-m/nofp/libgcc.a
LOAD /home/zgsdlv/.arduino15/packages/STMicroelectronics/tools/xpack-arm-none-eabi-gcc/14.2.1-1.1/bin/../lib/gcc/arm-none-eabi/14.2.1/../../../../arm-none-eabi/lib/thumb/v7e-m/nofp/libc_nano.a
END GROUP
LOAD /home/zgsdlv/.arduino15/packages/STMicroelectronics/tools/xpack-arm-none-eabi-gcc/14.2.1-1.1/bin/../lib/gcc/arm-none-eabi/14.2.1/thumb/v7e-m/nofp/crtend.o
LOAD /home/zgsdlv/.arduino15/packages/STMicroelectronics/tools/xpack-arm-none-eabi-gcc/14.2.1-1.1/bin/../lib/gcc/arm-none-eabi/14.2.1/thumb/v7e-m/nofp/crtn.o
                0x20008000                        _estack = (ORIGIN (RAM1) + LENGTH (RAM1))
                0x00000200                        _Min_Heap_Size = 0x200
                0x00000400                        _Min_Stack_Size = 0x400

.isr_vector     0x08000000      0x138
                0x08000000                        . = ALIGN (0x8)
 *(.isr_vector)
 .isr_vector    0x08000000      0x138 build/debug/startup_stm32wle5xx.o
                0x08000000                g_pfnVectors
                0x08000138                        . = ALIGN (0x8)

.text           0x08000140     0x8348
                0x08000140                        . = ALIGN (0x8)
 *(.text)
 .text          0x08000140       0x10 /home/zgsdlv/.arduino15/packages/STMicroelectronics/tools/xpack-arm-none-eabi-gcc/14.2.1-1.1/bin/../lib/gcc/arm-none-eabi/14.2.1/../../../../arm-none-eabi/lib/thumb/v7e-m/nofp/libc_nano.a(libc_a-strlen.o)
                0x08000140                strlen
 .text          0x08000150       0x30 /home/zgsdlv/.arduino15/packages/STMicroelectronics/tools/xpack-arm-none-eabi-gcc/14.2.1-1.1/bin/../lib/gcc/arm-none-eabi/14.2.1/thumb/v7e-m/nofp/libgcc.a(_aeabi_uldivmod.o)
                0x08000150                __aeabi_uldivmod
 .text          0x08000180        0x4 /home/zgsdlv/.arduino15/packages/STMicroelectronics/tools/xpack-arm-none-eabi-gcc/14.2.1-1.1/bin/../lib/gcc/arm-none-eabi/14.2.1/thumb/v7e-m/nofp/libgcc.a(_dvmd_tls.o)
                0x08000180                __aeabi_ldiv0
                0x08000180                __aeabi_idiv0
 *(.text*)
 .text.__do_global_dtors_aux
                0x08000184       0x24 /home/zgsdlv/.arduino15/packages/STMicroelectronics/tools/xpack-arm-none-eabi-gcc/14.2.1-1.1/bin/../lib/gcc/arm-none-eabi/14.2.1/thumb/v7e-m/nofp/crtbegin.o
 .text.frame_dummy
                0x080001a8       0x1c /home/zgsdlv/.arduino15/packages/STMicroelectronics/tools/xpack-arm-none-eabi-gcc/14.2.1-1.1/bin/../lib/gcc/arm-none-eabi/14.2.1/thumb/v7e-m/nofp/crtbegin.o
 .text.vApplicationStackOverflowHook
                0x080001c4        0x4 build/debug/app_freertos.o
                0x080001c4                vApplicationStackOverflowHook
 .text.vApplicationMallocFailedHook
                0x080001c8        0x4 build/debug/app_freertos.o
                0x080001c8                vApplicationMallocFailedHook
 .text.MX_SubGHz_Phy_Init
                0x080001cc        0xc build/debug/app_subghz_phy.o
                0x080001cc                MX_SubGHz_Phy_Init
 .text.IRQ_Context
                0x080001d8       0x2c build/debug/cmsis_os2.o
 .text.SysTick_Handler
                0x08000204       0x18 build/debug/cmsis_os2.o
                0x08000204                SysTick_Handler
 .text.osKernelInitialize
                0x0800021c       0x34 build/debug/cmsis_os2.o
                0x0800021c                osKernelInitialize
 .text.osKernelStart
                0x08000250       0x48 build/debug/cmsis_os2.o
                0x08000250                osKernelStart
 .text.osThreadNew
                0x08000298       0xc2 build/debug/cmsis_os2.o
                0x08000298                osThreadNew
 .text.osDelay  0x0800035a       0x20 build/debug/cmsis_os2.o
                0x0800035a                osDelay
 *fill*         0x0800037a        0x2 
 .text.vApplicationGetIdleTaskMemory
                0x0800037c       0x18 build/debug/cmsis_os2.o
                0x0800037c                vApplicationGetIdleTaskMemory
 .text.vApplicationGetTimerTaskMemory
                0x08000394       0x18 build/debug/cmsis_os2.o
                0x08000394                vApplicationGetTimerTaskMemory
 .text.prvHeapInit
                0x080003ac       0x58 build/debug/heap_4.o
 .text.prvInsertBlockIntoFreeList
                0x08000404       0x60 build/debug/heap_4.o
 .text.pvPortMalloc
                0x08000464      0x118 build/debug/heap_4.o
                0x08000464                pvPortMalloc
 .text.vPortFree
                0x0800057c       0x74 build/debug/heap_4.o
                0x0800057c                vPortFree
 .text.vListInitialise
                0x080005f0       0x16 build/debug/list.o
                0x080005f0                vListInitialise
 .text.vListInitialiseItem
                0x08000606        0x6 build/debug/list.o
                0x08000606                vListInitialiseItem
 .text.vListInsert
                0x0800060c       0x32 build/debug/list.o
                0x0800060c                vListInsert
 .text.uxListRemove
                0x0800063e       0x26 build/debug/list.o
                0x0800063e                uxListRemove
 .text.MX_GPIO_Init
                0x08000664       0x40 build/debug/main.o
 .text.StartDefaultTask
                0x080006a4       0x20 build/debug/main.o
                0x080006a4                StartDefaultTask
 .text.MX_DMA_Init
                0x080006c4       0x42 build/debug/main.o
                0x080006c4                MX_DMA_Init
 *fill*         0x08000706        0x2 
 .text.HAL_TIM_PeriodElapsedCallback
                0x08000708       0x18 build/debug/main.o
                0x08000708                HAL_TIM_PeriodElapsedCallback
 .text.Error_Handler
                0x08000720        0x4 build/debug/main.o
                0x08000720                Error_Handler
 .text.SystemClock_Config
                0x08000724       0x90 build/debug/main.o
                0x08000724                SystemClock_Config
 .text.MX_RTC_Init
                0x080007b4       0xcc build/debug/main.o
                0x080007b4                MX_RTC_Init
 .text.MX_SUBGHZ_Init
                0x08000880       0x18 build/debug/main.o
                0x08000880                MX_SUBGHZ_Init
 .text.MX_USART1_UART_Init
                0x08000898       0x60 build/debug/main.o
                0x08000898                MX_USART1_UART_Init
 .text.main     0x080008f8       0x40 build/debug/main.o
                0x080008f8                main
 .text.prvTaskExitError
                0x08000938       0x40 build/debug/port.o
 .text.prvPortStartFirstTask
                0x08000978       0x20 build/debug/port.o
 .text.pxPortInitialiseStack
                0x08000998       0x24 build/debug/port.o
                0x08000998                pxPortInitialiseStack
 *fill*         0x080009bc        0x4 
 .text.SVC_Handler
                0x080009c0       0x24 build/debug/port.o
                0x080009c0                SVC_Handler
 .text.vPortEnterCritical
                0x080009e4       0x44 build/debug/port.o
                0x080009e4                vPortEnterCritical
 .text.vPortExitCritical
                0x08000a28       0x2c build/debug/port.o
                0x08000a28                vPortExitCritical
 *fill*         0x08000a54        0xc 
 .text.PendSV_Handler
                0x08000a60       0x44 build/debug/port.o
                0x08000a60                PendSV_Handler
 .text.xPortSysTickHandler
                0x08000aa4       0x2c build/debug/port.o
                0x08000aa4                xPortSysTickHandler
 .text.vPortSetupTimerInterrupt
                0x08000ad0       0x28 build/debug/port.o
                0x08000ad0                vPortSetupTimerInterrupt
 .text.xPortStartScheduler
                0x08000af8       0xf0 build/debug/port.o
                0x08000af8                xPortStartScheduler
 .text.prvIsQueueEmpty
                0x08000be8       0x1a build/debug/queue.o
 .text.prvCopyDataFromQueue
                0x08000c02       0x24 build/debug/queue.o
 .text.prvUnlockQueue
                0x08000c26       0x6e build/debug/queue.o
 .text.xQueueGenericReset
                0x08000c94       0xaa build/debug/queue.o
                0x08000c94                xQueueGenericReset
 .text.prvInitialiseNewQueue
                0x08000d3e       0x22 build/debug/queue.o
 .text.xQueueGenericCreateStatic
                0x08000d60       0x6a build/debug/queue.o
                0x08000d60                xQueueGenericCreateStatic
 .text.xQueueReceive
                0x08000dca      0x15e build/debug/queue.o
                0x08000dca                xQueueReceive
 .text.vQueueAddToRegistry
                0x08000f28       0x60 build/debug/queue.o
                0x08000f28                vQueueAddToRegistry
 .text.vQueueWaitForMessageRestricted
                0x08000f88       0x52 build/debug/queue.o
                0x08000f88                vQueueWaitForMessageRestricted
 .text.RadioCheckRfFrequency
                0x08000fda        0x4 build/debug/radio.o
 *fill*         0x08000fde        0x2 
 .text.RadioGetLoRaBandwidthInHz
                0x08000fe0       0x5c build/debug/radio.o
 .text.RadioGetGfskTimeOnAirNumerator
                0x0800103c       0x26 build/debug/radio.o
 .text.RadioGetLoRaTimeOnAirNumerator
                0x08001062       0xa2 build/debug/radio.o
 .text.RadioTimeOnAir
                0x08001104       0x70 build/debug/radio.o
 .text.RadioOnTxTimeoutProcess
                0x08001174       0x14 build/debug/radio.o
 .text.RadioOnTxTimeoutIrq
                0x08001188        0x8 build/debug/radio.o
 .text.RadioOnRxTimeoutProcess
                0x08001190       0x14 build/debug/radio.o
 .text.RadioOnRxTimeoutIrq
                0x080011a4        0x8 build/debug/radio.o
 .text.RadioSetRxGenericConfig
                0x080011ac        0x6 build/debug/radio.o
 .text.RadioSetTxGenericConfig
                0x080011b2        0x6 build/debug/radio.o
 .text.RadioLrFhssSetCfg
                0x080011b8        0x4 build/debug/radio.o
 .text.RadioLrFhssGetTimeOnAirInMs
                0x080011bc        0x4 build/debug/radio.o
 .text.RadioWrite
                0x080011c0        0x8 build/debug/radio.o
 .text.RadioTxCw
                0x080011c8       0x20 build/debug/radio.o
 .text.RadioTxPrbs
                0x080011e8       0x2c build/debug/radio.o
 .text.RadioSetRxDutyCycle
                0x08001214       0x34 build/debug/radio.o
 .text.RadioRxBoosted
                0x08001248       0x64 build/debug/radio.o
 .text.RadioStandby
                0x080012ac        0xa build/debug/radio.o
 .text.RadioRead
                0x080012b6        0x8 build/debug/radio.o
 .text.RadioGetStatus
                0x080012be       0x22 build/debug/radio.o
 .text.RadioIrqProcess
                0x080012e0      0x2ac build/debug/radio.o
 .text.RadioOnDioIrq
                0x0800158c       0x14 build/debug/radio.o
 .text.RadioGetWakeupTime
                0x080015a0        0xa build/debug/radio.o
 *fill*         0x080015aa        0x2 
 .text.RadioSetMaxPayloadLength
                0x080015ac       0x38 build/debug/radio.o
 .text.RadioReadRegisters
                0x080015e4        0x8 build/debug/radio.o
 .text.RadioWriteRegisters
                0x080015ec        0x8 build/debug/radio.o
 .text.RadioRssi
                0x080015f4        0x8 build/debug/radio.o
 .text.RadioSetTxContinuousWave
                0x080015fc       0x44 build/debug/radio.o
 .text.RadioSetChannel
                0x08001640        0x8 build/debug/radio.o
 .text.RadioStartCad
                0x08001648       0x28 build/debug/radio.o
 .text.RadioRx  0x08001670       0x64 build/debug/radio.o
 .text.RadioSleep
                0x080016d4       0x12 build/debug/radio.o
 *fill*         0x080016e6        0x2 
 .text.RadioSend
                0x080016e8      0x108 build/debug/radio.o
 .text.RadioRandom
                0x080017f0       0x14 build/debug/radio.o
 .text.RadioSetModem
                0x08001804       0x5c build/debug/radio.o
 .text.RadioSetPublicNetwork
                0x08001860       0x44 build/debug/radio.o
 .text.RadioSetTxConfig
                0x080018a4      0x194 build/debug/radio.o
 .text.RadioSetRxConfig
                0x08001a38      0x20c build/debug/radio.o
 .text.RadioIsChannelFree
                0x08001c44       0x7c build/debug/radio.o
 .text.RadioInit
                0x08001cc0       0x98 build/debug/radio.o
 .text.RBI_Init
                0x08001d58        0x4 build/debug/radio_board_if.o
                0x08001d58                RBI_Init
 .text.RBI_ConfigRFSwitch
                0x08001d5c        0x4 build/debug/radio_board_if.o
                0x08001d5c                RBI_ConfigRFSwitch
 .text.RBI_GetTxConfig
                0x08001d60        0x4 build/debug/radio_board_if.o
                0x08001d60                RBI_GetTxConfig
 .text.RBI_IsTCXO
                0x08001d64        0x4 build/debug/radio_board_if.o
                0x08001d64                RBI_IsTCXO
 .text.RBI_IsDCDC
                0x08001d68        0x4 build/debug/radio_board_if.o
                0x08001d68                RBI_IsDCDC
 .text.RBI_GetRFOMaxPowerConfig
                0x08001d6c        0xa build/debug/radio_board_if.o
                0x08001d6c                RBI_GetRFOMaxPowerConfig
 *fill*         0x08001d76        0x2 
 .text.SUBGRF_GetOperatingMode
                0x08001d78        0xc build/debug/radio_driver.o
                0x08001d78                SUBGRF_GetOperatingMode
 .text.SUBGRF_GetPacketType
                0x08001d84        0xc build/debug/radio_driver.o
                0x08001d84                SUBGRF_GetPacketType
 .text.SUBGRF_WriteRegister
                0x08001d90       0x28 build/debug/radio_driver.o
                0x08001d90                SUBGRF_WriteRegister
 .text.SUBGRF_ReadRegister
                0x08001db8       0x28 build/debug/radio_driver.o
                0x08001db8                SUBGRF_ReadRegister
 .text.Radio_SMPS_Set
                0x08001de0       0x26 build/debug/radio_driver.o
 .text.SUBGRF_SetWhiteningSeed
                0x08001e06       0x32 build/debug/radio_driver.o
                0x08001e06                SUBGRF_SetWhiteningSeed
 .text.SUBGRF_WriteRegisters
                0x08001e38       0x20 build/debug/radio_driver.o
                0x08001e38                SUBGRF_WriteRegisters
 .text.SUBGRF_SetSyncWord
                0x08001e58       0x12 build/debug/radio_driver.o
                0x08001e58                SUBGRF_SetSyncWord
 .text.SUBGRF_SetCrcSeed
                0x08001e6a       0x28 build/debug/radio_driver.o
                0x08001e6a                SUBGRF_SetCrcSeed
 .text.SUBGRF_SetCrcPolynomial
                0x08001e92       0x28 build/debug/radio_driver.o
                0x08001e92                SUBGRF_SetCrcPolynomial
 *fill*         0x08001eba        0x2 
 .text.SUBGRF_ReadRegisters
                0x08001ebc       0x20 build/debug/radio_driver.o
                0x08001ebc                SUBGRF_ReadRegisters
 .text.SUBGRF_WriteBuffer
                0x08001edc       0x20 build/debug/radio_driver.o
                0x08001edc                SUBGRF_WriteBuffer
 .text.SUBGRF_SetPayload
                0x08001efc        0xe build/debug/radio_driver.o
                0x08001efc                SUBGRF_SetPayload
 *fill*         0x08001f0a        0x2 
 .text.SUBGRF_ReadBuffer
                0x08001f0c       0x20 build/debug/radio_driver.o
                0x08001f0c                SUBGRF_ReadBuffer
 .text.SUBGRF_WriteCommand
                0x08001f2c       0x20 build/debug/radio_driver.o
                0x08001f2c                SUBGRF_WriteCommand
 .text.SUBGRF_SetSleep
                0x08001f4c       0x40 build/debug/radio_driver.o
                0x08001f4c                SUBGRF_SetSleep
 .text.SUBGRF_SetStandby
                0x08001f8c       0x34 build/debug/radio_driver.o
                0x08001f8c                SUBGRF_SetStandby
 .text.SUBGRF_SetTx
                0x08001fc0       0x34 build/debug/radio_driver.o
                0x08001fc0                SUBGRF_SetTx
 .text.SUBGRF_SendPayload
                0x08001ff4       0x10 build/debug/radio_driver.o
                0x08001ff4                SUBGRF_SendPayload
 .text.SUBGRF_SetRx
                0x08002004       0x34 build/debug/radio_driver.o
                0x08002004                SUBGRF_SetRx
 .text.SUBGRF_GetRandom
                0x08002038       0x6a build/debug/radio_driver.o
                0x08002038                SUBGRF_GetRandom
 *fill*         0x080020a2        0x2 
 .text.SUBGRF_SetRxBoosted
                0x080020a4       0x3c build/debug/radio_driver.o
                0x080020a4                SUBGRF_SetRxBoosted
 .text.SUBGRF_SetRxDutyCycle
                0x080020e0       0x48 build/debug/radio_driver.o
                0x080020e0                SUBGRF_SetRxDutyCycle
 .text.SUBGRF_SetCad
                0x08002128       0x18 build/debug/radio_driver.o
                0x08002128                SUBGRF_SetCad
 .text.SUBGRF_SetTxContinuousWave
                0x08002140        0xe build/debug/radio_driver.o
                0x08002140                SUBGRF_SetTxContinuousWave
 .text.SUBGRF_SetTxInfinitePreamble
                0x0800214e        0xe build/debug/radio_driver.o
                0x0800214e                SUBGRF_SetTxInfinitePreamble
 .text.SUBGRF_SetStopRxTimerOnPreambleDetect
                0x0800215c       0x1a build/debug/radio_driver.o
                0x0800215c                SUBGRF_SetStopRxTimerOnPreambleDetect
 .text.SUBGRF_SetLoRaSymbNumTimeout
                0x08002176       0x42 build/debug/radio_driver.o
                0x08002176                SUBGRF_SetLoRaSymbNumTimeout
 .text.SUBGRF_SetRegulatorMode
                0x080021b8       0x2c build/debug/radio_driver.o
                0x080021b8                SUBGRF_SetRegulatorMode
 .text.SUBGRF_Calibrate
                0x080021e4       0x42 build/debug/radio_driver.o
                0x080021e4                SUBGRF_Calibrate
 *fill*         0x08002226        0x2 
 .text.SUBGRF_CalibrateImage
                0x08002228       0x98 build/debug/radio_driver.o
                0x08002228                SUBGRF_CalibrateImage
 .text.SUBGRF_SetPaConfig
                0x080022c0       0x26 build/debug/radio_driver.o
                0x080022c0                SUBGRF_SetPaConfig
 .text.SUBGRF_SetDioIrqParams
                0x080022e6       0x3e build/debug/radio_driver.o
                0x080022e6                SUBGRF_SetDioIrqParams
 .text.SUBGRF_SetTcxoMode
                0x08002324       0x32 build/debug/radio_driver.o
                0x08002324                SUBGRF_SetTcxoMode
 *fill*         0x08002356        0x2 
 .text.SUBGRF_Init
                0x08002358       0x74 build/debug/radio_driver.o
                0x08002358                SUBGRF_Init
 .text.SUBGRF_SetRfFrequency
                0x080023cc       0x58 build/debug/radio_driver.o
                0x080023cc                SUBGRF_SetRfFrequency
 .text.SUBGRF_SetPacketType
                0x08002424       0x34 build/debug/radio_driver.o
                0x08002424                SUBGRF_SetPacketType
 .text.SUBGRF_SetTxParams
                0x08002458      0x11a build/debug/radio_driver.o
                0x08002458                SUBGRF_SetTxParams
 *fill*         0x08002572        0x2 
 .text.SUBGRF_SetModulationParams
                0x08002574      0x104 build/debug/radio_driver.o
                0x08002574                SUBGRF_SetModulationParams
 .text.SUBGRF_SetPacketParams
                0x08002678       0xe0 build/debug/radio_driver.o
                0x08002678                SUBGRF_SetPacketParams
 .text.SUBGRF_SetBufferBaseAddress
                0x08002758       0x1c build/debug/radio_driver.o
                0x08002758                SUBGRF_SetBufferBaseAddress
 .text.SUBGRF_ReadCommand
                0x08002774       0x20 build/debug/radio_driver.o
                0x08002774                SUBGRF_ReadCommand
 .text.SUBGRF_GetRssiInst
                0x08002794       0x1c build/debug/radio_driver.o
                0x08002794                SUBGRF_GetRssiInst
 .text.SUBGRF_GetRxBufferStatus
                0x080027b0       0x44 build/debug/radio_driver.o
                0x080027b0                SUBGRF_GetRxBufferStatus
 .text.SUBGRF_GetPayload
                0x080027f4       0x34 build/debug/radio_driver.o
                0x080027f4                SUBGRF_GetPayload
 .text.SUBGRF_GetPacketStatus
                0x08002828       0x78 build/debug/radio_driver.o
                0x08002828                SUBGRF_GetPacketStatus
 .text.SUBGRF_SetSwitch
                0x080028a0       0x28 build/debug/radio_driver.o
                0x080028a0                SUBGRF_SetSwitch
 .text.SUBGRF_SetRfTxPower
                0x080028c8       0x2e build/debug/radio_driver.o
                0x080028c8                SUBGRF_SetRfTxPower
 .text.SUBGRF_GetRadioWakeUpTime
                0x080028f6        0x4 build/debug/radio_driver.o
                0x080028f6                SUBGRF_GetRadioWakeUpTime
 *fill*         0x080028fa        0x2 
 .text.SUBGRF_GetFskBandwidthRegValue
                0x080028fc       0x30 build/debug/radio_driver.o
                0x080028fc                SUBGRF_GetFskBandwidthRegValue
 .text.SUBGRF_GetCFO
                0x0800292c       0x88 build/debug/radio_driver.o
                0x0800292c                SUBGRF_GetCFO
 .text.RFW_TransmitLongPacket
                0x080029b4        0x6 build/debug/radio_fw.o
                0x080029b4                RFW_TransmitLongPacket
 .text.RFW_ReceiveLongPacket
                0x080029ba        0x6 build/debug/radio_fw.o
                0x080029ba                RFW_ReceiveLongPacket
 .text.RFW_DeInit
                0x080029c0        0x2 build/debug/radio_fw.o
                0x080029c0                RFW_DeInit
 .text.RFW_Is_Init
                0x080029c2        0x4 build/debug/radio_fw.o
                0x080029c2                RFW_Is_Init
 .text.RFW_Is_LongPacketModeEnabled
                0x080029c6        0x4 build/debug/radio_fw.o
                0x080029c6                RFW_Is_LongPacketModeEnabled
 .text.RFW_SetAntSwitch
                0x080029ca        0x2 build/debug/radio_fw.o
                0x080029ca                RFW_SetAntSwitch
 .text.RFW_TransmitInit
                0x080029cc        0x6 build/debug/radio_fw.o
                0x080029cc                RFW_TransmitInit
 .text.RFW_ReceiveInit
                0x080029d2        0x6 build/debug/radio_fw.o
                0x080029d2                RFW_ReceiveInit
 .text.RFW_DeInit_TxLongPacket
                0x080029d8        0x2 build/debug/radio_fw.o
                0x080029d8                RFW_DeInit_TxLongPacket
 .text.RFW_ReceivePayload
                0x080029da        0x2 build/debug/radio_fw.o
                0x080029da                RFW_ReceivePayload
 .text.RFW_SetRadioModem
                0x080029dc        0x2 build/debug/radio_fw.o
                0x080029dc                RFW_SetRadioModem
 *fill*         0x080029de        0x2 
 .text.TRACE_AllocateBufer
                0x080029e0       0x88 build/debug/stm32_adv_trace.o
 .text.TRACE_Lock
                0x08002a68       0x18 build/debug/stm32_adv_trace.o
 .text.TRACE_UnLock
                0x08002a80       0x18 build/debug/stm32_adv_trace.o
 .text.TRACE_IsLocked
                0x08002a98       0x10 build/debug/stm32_adv_trace.o
 .text.UTIL_ADV_TRACE_Init
                0x08002aa8       0x34 build/debug/stm32_adv_trace.o
                0x08002aa8                UTIL_ADV_TRACE_Init
 .text.UTIL_ADV_TRACE_PreSendHook
                0x08002adc        0x2 build/debug/stm32_adv_trace.o
                0x08002adc                UTIL_ADV_TRACE_PreSendHook
 *fill*         0x08002ade        0x2 
 .text.TRACE_Send
                0x08002ae0       0x9c build/debug/stm32_adv_trace.o
 .text.UTIL_ADV_TRACE_COND_FSend
                0x08002b7c       0xc8 build/debug/stm32_adv_trace.o
                0x08002b7c                UTIL_ADV_TRACE_COND_FSend
 .text.UTIL_ADV_TRACE_PostSendHook
                0x08002c44        0x2 build/debug/stm32_adv_trace.o
                0x08002c44                UTIL_ADV_TRACE_PostSendHook
 *fill*         0x08002c46        0x2 
 .text.TRACE_TxCpltCallback
                0x08002c48       0xac build/debug/stm32_adv_trace.o
 .text.UTIL_MEM_set_8
                0x08002cf4       0x12 build/debug/stm32_mem.o
                0x08002cf4                UTIL_MEM_set_8
 *fill*         0x08002d06        0x2 
 .text.UTIL_TIMER_Create
                0x08002d08       0x3c build/debug/stm32_timer.o
                0x08002d08                UTIL_TIMER_Create
 .text.UTIL_TIMER_GetCurrentTime
                0x08002d44       0x14 build/debug/stm32_timer.o
                0x08002d44                UTIL_TIMER_GetCurrentTime
 .text.UTIL_TIMER_GetElapsedTime
                0x08002d58       0x20 build/debug/stm32_timer.o
                0x08002d58                UTIL_TIMER_GetElapsedTime
 .text.TimerExists
                0x08002d78       0x1c build/debug/stm32_timer.o
                0x08002d78                TimerExists
 .text.TimerSetTimeout
                0x08002d94       0x30 build/debug/stm32_timer.o
                0x08002d94                TimerSetTimeout
 .text.UTIL_TIMER_Stop
                0x08002dc4       0x6c build/debug/stm32_timer.o
                0x08002dc4                UTIL_TIMER_Stop
 .text.TimerInsertTimer
                0x08002e30       0x2c build/debug/stm32_timer.o
                0x08002e30                TimerInsertTimer
 .text.TimerInsertNewHeadTimer
                0x08002e5c       0x1c build/debug/stm32_timer.o
                0x08002e5c                TimerInsertNewHeadTimer
 .text.UTIL_TIMER_Start
                0x08002e78       0x8c build/debug/stm32_timer.o
                0x08002e78                UTIL_TIMER_Start
 .text.UTIL_TIMER_SetPeriod
                0x08002f04       0x34 build/debug/stm32_timer.o
                0x08002f04                UTIL_TIMER_SetPeriod
 .text.ee_skip_atoi
                0x08002f38       0x26 build/debug/stm32_tiny_vsnprintf.o
 *fill*         0x08002f5e        0x2 
 .text.ee_number
                0x08002f60      0x114 build/debug/stm32_tiny_vsnprintf.o
 .text.tiny_vsnprintf_like
                0x08003074      0x184 build/debug/stm32_tiny_vsnprintf.o
                0x08003074                tiny_vsnprintf_like
 .text.HAL_Init
                0x080031f8       0x2c build/debug/stm32wlxx_hal.o
                0x080031f8                HAL_Init
 .text.HAL_IncTick
                0x08003224       0x18 build/debug/stm32wlxx_hal.o
                0x08003224                HAL_IncTick
 .text.__NVIC_EnableIRQ
                0x0800323c       0x1c build/debug/stm32wlxx_hal_cortex.o
 .text.__NVIC_DisableIRQ
                0x08003258       0x24 build/debug/stm32wlxx_hal_cortex.o
 .text.__NVIC_SetPriority
                0x0800327c       0x28 build/debug/stm32wlxx_hal_cortex.o
 .text.NVIC_EncodePriority
                0x080032a4       0x3e build/debug/stm32wlxx_hal_cortex.o
 *fill*         0x080032e2        0x2 
 .text.HAL_NVIC_SetPriorityGrouping
                0x080032e4       0x24 build/debug/stm32wlxx_hal_cortex.o
                0x080032e4                HAL_NVIC_SetPriorityGrouping
 .text.HAL_NVIC_SetPriority
                0x08003308       0x20 build/debug/stm32wlxx_hal_cortex.o
                0x08003308                HAL_NVIC_SetPriority
 .text.HAL_NVIC_EnableIRQ
                0x08003328        0x8 build/debug/stm32wlxx_hal_cortex.o
                0x08003328                HAL_NVIC_EnableIRQ
 .text.HAL_NVIC_DisableIRQ
                0x08003330        0x8 build/debug/stm32wlxx_hal_cortex.o
                0x08003330                HAL_NVIC_DisableIRQ
 .text.DMA_SetConfig
                0x08003338       0x4e build/debug/stm32wlxx_hal_dma.o
 *fill*         0x08003386        0x2 
 .text.DMA_CalcDMAMUXChannelBaseAndMask
                0x08003388       0x64 build/debug/stm32wlxx_hal_dma.o
 .text.DMA_CalcDMAMUXRequestGenBaseAndMask
                0x080033ec       0x2c build/debug/stm32wlxx_hal_dma.o
 .text.HAL_DMA_Init
                0x08003418       0xe0 build/debug/stm32wlxx_hal_dma.o
                0x08003418                HAL_DMA_Init
 .text.HAL_DMA_DeInit
                0x080034f8       0xb8 build/debug/stm32wlxx_hal_dma.o
                0x080034f8                HAL_DMA_DeInit
 .text.HAL_DMA_Start_IT
                0x080035b0       0x96 build/debug/stm32wlxx_hal_dma.o
                0x080035b0                HAL_DMA_Start_IT
 .text.HAL_DMA_Abort
                0x08003646       0x72 build/debug/stm32wlxx_hal_dma.o
                0x08003646                HAL_DMA_Abort
 .text.HAL_DMA_Abort_IT
                0x080036b8       0x70 build/debug/stm32wlxx_hal_dma.o
                0x080036b8                HAL_DMA_Abort_IT
 .text.HAL_DMA_IRQHandler
                0x08003728       0xe8 build/debug/stm32wlxx_hal_dma.o
                0x08003728                HAL_DMA_IRQHandler
 .text.HAL_GPIO_Init
                0x08003810      0x1a4 build/debug/stm32wlxx_hal_gpio.o
                0x08003810                HAL_GPIO_Init
 .text.HAL_GPIO_DeInit
                0x080039b4       0xfc build/debug/stm32wlxx_hal_gpio.o
                0x080039b4                HAL_GPIO_DeInit
 .text.HAL_MspInit
                0x08003ab0       0x20 build/debug/stm32wlxx_hal_msp.o
                0x08003ab0                HAL_MspInit
 .text.HAL_RTC_MspInit
                0x08003ad0       0x60 build/debug/stm32wlxx_hal_msp.o
                0x08003ad0                HAL_RTC_MspInit
 .text.HAL_SUBGHZ_MspInit
                0x08003b30       0x1c build/debug/stm32wlxx_hal_msp.o
                0x08003b30                HAL_SUBGHZ_MspInit
 .text.HAL_UART_MspInit
                0x08003b4c       0xd4 build/debug/stm32wlxx_hal_msp.o
                0x08003b4c                HAL_UART_MspInit
 .text.HAL_UART_MspDeInit
                0x08003c20       0x38 build/debug/stm32wlxx_hal_msp.o
                0x08003c20                HAL_UART_MspDeInit
 .text.HAL_PWR_EnableBkUpAccess
                0x08003c58       0x10 build/debug/stm32wlxx_hal_pwr.o
                0x08003c58                HAL_PWR_EnableBkUpAccess
 .text.HAL_PWREx_GetVoltageRange
                0x08003c68       0x10 build/debug/stm32wlxx_hal_pwr_ex.o
                0x08003c68                HAL_PWREx_GetVoltageRange
 .text.RCC_SetFlashLatency
                0x08003c78       0xbc build/debug/stm32wlxx_hal_rcc.o
 .text.RCC_SetFlashLatencyFromMSIRange
                0x08003d34       0x44 build/debug/stm32wlxx_hal_rcc.o
 .text.HAL_RCC_GetSysClockFreq
                0x08003d78      0x110 build/debug/stm32wlxx_hal_rcc.o
                0x08003d78                HAL_RCC_GetSysClockFreq
 .text.HAL_RCC_GetHCLKFreq
                0x08003e88       0x20 build/debug/stm32wlxx_hal_rcc.o
                0x08003e88                HAL_RCC_GetHCLKFreq
 .text.HAL_RCC_OscConfig
                0x08003ea8      0x664 build/debug/stm32wlxx_hal_rcc.o
                0x08003ea8                HAL_RCC_OscConfig
 .text.HAL_RCC_ClockConfig
                0x0800450c      0x224 build/debug/stm32wlxx_hal_rcc.o
                0x0800450c                HAL_RCC_ClockConfig
 .text.HAL_RCC_GetPCLK1Freq
                0x08004730       0x20 build/debug/stm32wlxx_hal_rcc.o
                0x08004730                HAL_RCC_GetPCLK1Freq
 .text.HAL_RCC_GetPCLK2Freq
                0x08004750       0x20 build/debug/stm32wlxx_hal_rcc.o
                0x08004750                HAL_RCC_GetPCLK2Freq
 .text.HAL_RCC_GetClockConfig
                0x08004770       0x48 build/debug/stm32wlxx_hal_rcc.o
                0x08004770                HAL_RCC_GetClockConfig
 .text.LL_RCC_SetI2CClockSource
                0x080047b8       0x20 build/debug/stm32wlxx_hal_rcc_ex.o
 .text.HAL_RCCEx_PeriphCLKConfig
                0x080047d8      0x240 build/debug/stm32wlxx_hal_rcc_ex.o
                0x080047d8                HAL_RCCEx_PeriphCLKConfig
 .text.HAL_RTC_DeactivateAlarm
                0x08004a18       0x80 build/debug/stm32wlxx_hal_rtc.o
                0x08004a18                HAL_RTC_DeactivateAlarm
 .text.HAL_RTC_WaitForSynchro
                0x08004a98       0x34 build/debug/stm32wlxx_hal_rtc.o
                0x08004a98                HAL_RTC_WaitForSynchro
 .text.RTC_EnterInitMode
                0x08004acc       0x4c build/debug/stm32wlxx_hal_rtc.o
                0x08004acc                RTC_EnterInitMode
 .text.RTC_ExitInitMode
                0x08004b18       0x4c build/debug/stm32wlxx_hal_rtc.o
                0x08004b18                RTC_ExitInitMode
 .text.HAL_RTC_Init
                0x08004b64       0xcc build/debug/stm32wlxx_hal_rtc.o
                0x08004b64                HAL_RTC_Init
 .text.RTC_ByteToBcd2
                0x08004c30       0x16 build/debug/stm32wlxx_hal_rtc.o
                0x08004c30                RTC_ByteToBcd2
 *fill*         0x08004c46        0x2 
 .text.HAL_RTC_SetTime
                0x08004c48       0xd8 build/debug/stm32wlxx_hal_rtc.o
                0x08004c48                HAL_RTC_SetTime
 .text.HAL_RTC_SetDate
                0x08004d20       0xac build/debug/stm32wlxx_hal_rtc.o
                0x08004d20                HAL_RTC_SetDate
 .text.HAL_RTC_SetAlarm
                0x08004dcc      0x164 build/debug/stm32wlxx_hal_rtc.o
                0x08004dcc                HAL_RTC_SetAlarm
 .text.HAL_RTC_SetAlarm_IT
                0x08004f30      0x178 build/debug/stm32wlxx_hal_rtc.o
                0x08004f30                HAL_RTC_SetAlarm_IT
 .text.HAL_RTCEx_EnableBypassShadow
                0x080050a8       0x40 build/debug/stm32wlxx_hal_rtc_ex.o
                0x080050a8                HAL_RTCEx_EnableBypassShadow
 .text.HAL_RTCEx_BKUPWrite
                0x080050e8        0xe build/debug/stm32wlxx_hal_rtc_ex.o
                0x080050e8                HAL_RTCEx_BKUPWrite
 *fill*         0x080050f6        0x2 
 .text.SUBGHZSPI_Init
                0x080050f8       0x24 build/debug/stm32wlxx_hal_subghz.o
                0x080050f8                SUBGHZSPI_Init
 .text.HAL_SUBGHZ_Init
                0x0800511c       0xd4 build/debug/stm32wlxx_hal_subghz.o
                0x0800511c                HAL_SUBGHZ_Init
 .text.SUBGHZSPI_Transmit
                0x080051f0       0x78 build/debug/stm32wlxx_hal_subghz.o
                0x080051f0                SUBGHZSPI_Transmit
 .text.SUBGHZSPI_Receive
                0x08005268       0x80 build/debug/stm32wlxx_hal_subghz.o
                0x08005268                SUBGHZSPI_Receive
 .text.SUBGHZ_WaitOnBusy
                0x080052e8       0x58 build/debug/stm32wlxx_hal_subghz.o
                0x080052e8                SUBGHZ_WaitOnBusy
 .text.SUBGHZ_CheckDeviceReady
                0x08005340       0x4c build/debug/stm32wlxx_hal_subghz.o
                0x08005340                SUBGHZ_CheckDeviceReady
 .text.HAL_SUBGHZ_WriteRegisters
                0x0800538c       0x9c build/debug/stm32wlxx_hal_subghz.o
                0x0800538c                HAL_SUBGHZ_WriteRegisters
 .text.HAL_SUBGHZ_ReadRegisters
                0x08005428       0xa4 build/debug/stm32wlxx_hal_subghz.o
                0x08005428                HAL_SUBGHZ_ReadRegisters
 .text.HAL_SUBGHZ_ExecSetCmd
                0x080054cc       0xa8 build/debug/stm32wlxx_hal_subghz.o
                0x080054cc                HAL_SUBGHZ_ExecSetCmd
 .text.HAL_SUBGHZ_ExecGetCmd
                0x08005574       0x94 build/debug/stm32wlxx_hal_subghz.o
                0x08005574                HAL_SUBGHZ_ExecGetCmd
 .text.HAL_SUBGHZ_WriteBuffer
                0x08005608       0x90 build/debug/stm32wlxx_hal_subghz.o
                0x08005608                HAL_SUBGHZ_WriteBuffer
 .text.HAL_SUBGHZ_ReadBuffer
                0x08005698       0x9c build/debug/stm32wlxx_hal_subghz.o
                0x08005698                HAL_SUBGHZ_ReadBuffer
 .text.HAL_TIM_Base_MspInit
                0x08005734        0x2 build/debug/stm32wlxx_hal_tim.o
                0x08005734                HAL_TIM_Base_MspInit
 *fill*         0x08005736        0x2 
 .text.HAL_TIM_Base_Start_IT
                0x08005738       0x64 build/debug/stm32wlxx_hal_tim.o
                0x08005738                HAL_TIM_Base_Start_IT
 .text.HAL_TIM_OC_DelayElapsedCallback
                0x0800579c        0x2 build/debug/stm32wlxx_hal_tim.o
                0x0800579c                HAL_TIM_OC_DelayElapsedCallback
 .text.HAL_TIM_IC_CaptureCallback
                0x0800579e        0x2 build/debug/stm32wlxx_hal_tim.o
                0x0800579e                HAL_TIM_IC_CaptureCallback
 .text.HAL_TIM_PWM_PulseFinishedCallback
                0x080057a0        0x2 build/debug/stm32wlxx_hal_tim.o
                0x080057a0                HAL_TIM_PWM_PulseFinishedCallback
 .text.HAL_TIM_TriggerCallback
                0x080057a2        0x2 build/debug/stm32wlxx_hal_tim.o
                0x080057a2                HAL_TIM_TriggerCallback
 .text.HAL_TIM_IRQHandler
                0x080057a4      0x17a build/debug/stm32wlxx_hal_tim.o
                0x080057a4                HAL_TIM_IRQHandler
 *fill*         0x0800591e        0x2 
 .text.TIM_Base_SetConfig
                0x08005920       0x78 build/debug/stm32wlxx_hal_tim.o
                0x08005920                TIM_Base_SetConfig
 .text.HAL_TIM_Base_Init
                0x08005998       0x60 build/debug/stm32wlxx_hal_tim.o
                0x08005998                HAL_TIM_Base_Init
 .text.HAL_TIMEx_CommutCallback
                0x080059f8        0x2 build/debug/stm32wlxx_hal_tim_ex.o
                0x080059f8                HAL_TIMEx_CommutCallback
 .text.HAL_TIMEx_BreakCallback
                0x080059fa        0x2 build/debug/stm32wlxx_hal_tim_ex.o
                0x080059fa                HAL_TIMEx_BreakCallback
 .text.HAL_TIMEx_Break2Callback
                0x080059fc        0x2 build/debug/stm32wlxx_hal_tim_ex.o
                0x080059fc                HAL_TIMEx_Break2Callback
 *fill*         0x080059fe        0x2 
 .text.HAL_InitTick
                0x08005a00       0x90 build/debug/stm32wlxx_hal_timebase_tim.o
                0x08005a00                HAL_InitTick
 .text.UART_EndTxTransfer
                0x08005a90       0x32 build/debug/stm32wlxx_hal_uart.o
 .text.UART_EndRxTransfer
                0x08005ac2       0x56 build/debug/stm32wlxx_hal_uart.o
 .text.HAL_UART_Transmit_DMA
                0x08005b18       0xa0 build/debug/stm32wlxx_hal_uart.o
                0x08005b18                HAL_UART_Transmit_DMA
 .text.UART_DMATransmitCplt
                0x08005bb8       0x48 build/debug/stm32wlxx_hal_uart.o
 .text.UART_EndTransmit_IT
                0x08005c00       0x24 build/debug/stm32wlxx_hal_uart.o
 .text.HAL_UART_TxHalfCpltCallback
                0x08005c24        0x2 build/debug/stm32wlxx_hal_uart.o
                0x08005c24                HAL_UART_TxHalfCpltCallback
 .text.UART_DMATxHalfCplt
                0x08005c26        0xa build/debug/stm32wlxx_hal_uart.o
 .text.HAL_UART_ErrorCallback
                0x08005c30        0x2 build/debug/stm32wlxx_hal_uart.o
                0x08005c30                HAL_UART_ErrorCallback
 .text.UART_DMAError
                0x08005c32       0x4c build/debug/stm32wlxx_hal_uart.o
 .text.UART_DMAAbortOnError
                0x08005c7e        0xa build/debug/stm32wlxx_hal_uart.o
 .text.HAL_UARTEx_RxEventCallback
                0x08005c88        0x2 build/debug/stm32wlxx_hal_uart.o
                0x08005c88                HAL_UARTEx_RxEventCallback
 *fill*         0x08005c8a        0x2 
 .text.HAL_UART_IRQHandler
                0x08005c8c      0x360 build/debug/stm32wlxx_hal_uart.o
                0x08005c8c                HAL_UART_IRQHandler
 .text.UART_RxISR_8BIT
                0x08005fec       0xdc build/debug/stm32wlxx_hal_uart.o
 .text.UART_RxISR_16BIT
                0x080060c8       0xd8 build/debug/stm32wlxx_hal_uart.o
 .text.UART_RxISR_8BIT_FIFOEN
                0x080061a0      0x1c8 build/debug/stm32wlxx_hal_uart.o
 .text.UART_RxISR_16BIT_FIFOEN
                0x08006368      0x1c8 build/debug/stm32wlxx_hal_uart.o
 .text.UART_SetConfig
                0x08006530      0x2c0 build/debug/stm32wlxx_hal_uart.o
                0x08006530                UART_SetConfig
 .text.UART_AdvFeatureConfig
                0x080067f0       0xca build/debug/stm32wlxx_hal_uart.o
                0x080067f0                UART_AdvFeatureConfig
 .text.UART_WaitOnFlagUntilTimeout
                0x080068ba       0x9e build/debug/stm32wlxx_hal_uart.o
                0x080068ba                UART_WaitOnFlagUntilTimeout
 .text.UART_CheckIdleState
                0x08006958       0xca build/debug/stm32wlxx_hal_uart.o
                0x08006958                UART_CheckIdleState
 .text.HAL_UART_Init
                0x08006a22       0x66 build/debug/stm32wlxx_hal_uart.o
                0x08006a22                HAL_UART_Init
 .text.UART_Start_Receive_IT
                0x08006a88      0x13c build/debug/stm32wlxx_hal_uart.o
                0x08006a88                UART_Start_Receive_IT
 .text.HAL_UART_Receive_IT
                0x08006bc4       0x4c build/debug/stm32wlxx_hal_uart.o
                0x08006bc4                HAL_UART_Receive_IT
 .text.UARTEx_Wakeup_AddressConfig
                0x08006c10       0x2e build/debug/stm32wlxx_hal_uart_ex.o
 *fill*         0x08006c3e        0x2 
 .text.UARTEx_SetNbDataToProcess
                0x08006c40       0x4c build/debug/stm32wlxx_hal_uart_ex.o
 .text.HAL_UARTEx_WakeupCallback
                0x08006c8c        0x2 build/debug/stm32wlxx_hal_uart_ex.o
                0x08006c8c                HAL_UARTEx_WakeupCallback
 .text.HAL_UARTEx_RxFifoFullCallback
                0x08006c8e        0x2 build/debug/stm32wlxx_hal_uart_ex.o
                0x08006c8e                HAL_UARTEx_RxFifoFullCallback
 .text.HAL_UARTEx_TxFifoEmptyCallback
                0x08006c90        0x2 build/debug/stm32wlxx_hal_uart_ex.o
                0x08006c90                HAL_UARTEx_TxFifoEmptyCallback
 .text.HAL_UARTEx_StopModeWakeUpSourceConfig
                0x08006c92       0x82 build/debug/stm32wlxx_hal_uart_ex.o
                0x08006c92                HAL_UARTEx_StopModeWakeUpSourceConfig
 .text.HAL_UARTEx_EnableStopMode
                0x08006d14       0x2e build/debug/stm32wlxx_hal_uart_ex.o
                0x08006d14                HAL_UARTEx_EnableStopMode
 .text.HAL_UARTEx_DisableFifoMode
                0x08006d42       0x3e build/debug/stm32wlxx_hal_uart_ex.o
                0x08006d42                HAL_UARTEx_DisableFifoMode
 .text.HAL_UARTEx_SetTxFifoThreshold
                0x08006d80       0x4a build/debug/stm32wlxx_hal_uart_ex.o
                0x08006d80                HAL_UARTEx_SetTxFifoThreshold
 .text.HAL_UARTEx_SetRxFifoThreshold
                0x08006dca       0x4a build/debug/stm32wlxx_hal_uart_ex.o
                0x08006dca                HAL_UARTEx_SetRxFifoThreshold
 .text.prvGetRegistersFromStack
                0x08006e14       0x54 build/debug/stm32wlxx_it.o
                0x08006e14                prvGetRegistersFromStack
 .text.NMI_Handler
                0x08006e68        0x2 build/debug/stm32wlxx_it.o
                0x08006e68                NMI_Handler
 *fill*         0x08006e6a        0x2 
 .text.HardFault_Handler
                0x08006e6c       0x18 build/debug/stm32wlxx_it.o
                0x08006e6c                HardFault_Handler
 .text.MemManage_Handler
                0x08006e84        0x2 build/debug/stm32wlxx_it.o
                0x08006e84                MemManage_Handler
 .text.BusFault_Handler
                0x08006e86        0x2 build/debug/stm32wlxx_it.o
                0x08006e86                BusFault_Handler
 .text.UsageFault_Handler
                0x08006e88        0x2 build/debug/stm32wlxx_it.o
                0x08006e88                UsageFault_Handler
 .text.DebugMon_Handler
                0x08006e8a        0x2 build/debug/stm32wlxx_it.o
                0x08006e8a                DebugMon_Handler
 .text.RCC_IRQHandler
                0x08006e8c        0x2 build/debug/stm32wlxx_it.o
                0x08006e8c                RCC_IRQHandler
 *fill*         0x08006e8e        0x2 
 .text.DMA1_Channel1_IRQHandler
                0x08006e90       0x10 build/debug/stm32wlxx_it.o
                0x08006e90                DMA1_Channel1_IRQHandler
 .text.TIM17_IRQHandler
                0x08006ea0       0x10 build/debug/stm32wlxx_it.o
                0x08006ea0                TIM17_IRQHandler
 .text.USART1_IRQHandler
                0x08006eb0       0x10 build/debug/stm32wlxx_it.o
                0x08006eb0                USART1_IRQHandler
 .text.OnTxDone
                0x08006ec0        0x2 build/debug/subghz_phy_app.o
 .text.OnRxDone
                0x08006ec2        0x2 build/debug/subghz_phy_app.o
 .text.OnTxTimeout
                0x08006ec4        0x2 build/debug/subghz_phy_app.o
 .text.OnRxTimeout
                0x08006ec6        0x2 build/debug/subghz_phy_app.o
 .text.OnRxError
                0x08006ec8        0x2 build/debug/subghz_phy_app.o
 *fill*         0x08006eca        0x2 
 .text.SubghzApp_Init
                0x08006ecc       0x3c build/debug/subghz_phy_app.o
                0x08006ecc                SubghzApp_Init
 .text.SystemApp_Init
                0x08006f08        0x8 build/debug/sys_app.o
                0x08006f08                SystemApp_Init
 .text.HAL_GetTick
                0x08006f10        0x4 build/debug/sys_app.o
                0x08006f10                HAL_GetTick
 .text.HAL_Delay
                0x08006f14       0x12 build/debug/sys_app.o
                0x08006f14                HAL_Delay
 .text.SystemInit
                0x08006f26        0x2 build/debug/system_stm32wlxx.o
                0x08006f26                SystemInit
 .text.prvResetNextTaskUnblockTime
                0x08006f28       0x28 build/debug/tasks.o
 .text.prvInitialiseNewTask
                0x08006f50       0x8e build/debug/tasks.o
 *fill*         0x08006fde        0x2 
 .text.prvInitialiseTaskLists
                0x08006fe0       0x68 build/debug/tasks.o
 .text.prvAddNewTaskToReadyList
                0x08007048       0xc8 build/debug/tasks.o
 .text.prvDeleteTCB
                0x08007110       0x38 build/debug/tasks.o
 .text.prvCheckTasksWaitingTermination
                0x08007148       0x4c build/debug/tasks.o
 .text.prvIdleTask
                0x08007194       0x28 build/debug/tasks.o
 .text.prvAddCurrentTaskToDelayedList
                0x080071bc       0x98 build/debug/tasks.o
 .text.xTaskCreateStatic
                0x08007254       0x96 build/debug/tasks.o
                0x08007254                xTaskCreateStatic
 .text.xTaskCreate
                0x080072ea       0x68 build/debug/tasks.o
                0x080072ea                xTaskCreate
 *fill*         0x08007352        0x2 
 .text.vTaskStartScheduler
                0x08007354       0xa0 build/debug/tasks.o
                0x08007354                vTaskStartScheduler
 .text.vTaskSuspendAll
                0x080073f4       0x10 build/debug/tasks.o
                0x080073f4                vTaskSuspendAll
 .text.xTaskGetTickCount
                0x08007404        0xc build/debug/tasks.o
                0x08007404                xTaskGetTickCount
 .text.xTaskIncrementTick
                0x08007410      0x178 build/debug/tasks.o
                0x08007410                xTaskIncrementTick
 .text.xTaskResumeAll
                0x08007588      0x14c build/debug/tasks.o
                0x08007588                xTaskResumeAll
 .text.vTaskDelay
                0x080076d4       0x4c build/debug/tasks.o
                0x080076d4                vTaskDelay
 .text.vTaskSwitchContext
                0x08007720       0xcc build/debug/tasks.o
                0x08007720                vTaskSwitchContext
 .text.vTaskPlaceOnEventList
                0x080077ec       0x30 build/debug/tasks.o
                0x080077ec                vTaskPlaceOnEventList
 .text.vTaskPlaceOnEventListRestricted
                0x0800781c       0x54 build/debug/tasks.o
                0x0800781c                vTaskPlaceOnEventListRestricted
 .text.xTaskRemoveFromEventList
                0x08007870       0xf0 build/debug/tasks.o
                0x08007870                xTaskRemoveFromEventList
 .text.vTaskInternalSetTimeOutState
                0x08007960       0x18 build/debug/tasks.o
                0x08007960                vTaskInternalSetTimeOutState
 .text.xTaskCheckForTimeOut
                0x08007978       0x8c build/debug/tasks.o
                0x08007978                xTaskCheckForTimeOut
 .text.vTaskMissedYield
                0x08007a04        0xc build/debug/tasks.o
                0x08007a04                vTaskMissedYield
 .text.xTaskGetSchedulerState
                0x08007a10       0x20 build/debug/tasks.o
                0x08007a10                xTaskGetSchedulerState
 .text.TIMER_IF_SetTimerContext
                0x08007a30       0x24 build/debug/timer_if.o
                0x08007a30                TIMER_IF_SetTimerContext
 .text.TIMER_IF_GetTimerContext
                0x08007a54        0xc build/debug/timer_if.o
                0x08007a54                TIMER_IF_GetTimerContext
 .text.TIMER_IF_GetTimerElapsedTime
                0x08007a60       0x24 build/debug/timer_if.o
                0x08007a60                TIMER_IF_GetTimerElapsedTime
 .text.TIMER_IF_GetTimerValue
                0x08007a84       0x28 build/debug/timer_if.o
                0x08007a84                TIMER_IF_GetTimerValue
 .text.TIMER_IF_GetMinimumTimeout
                0x08007aac        0x4 build/debug/timer_if.o
                0x08007aac                TIMER_IF_GetMinimumTimeout
 .text.TIMER_IF_Convert_ms2Tick
                0x08007ab0       0x14 build/debug/timer_if.o
                0x08007ab0                TIMER_IF_Convert_ms2Tick
 .text.TIMER_IF_Convert_Tick2ms
                0x08007ac4       0x28 build/debug/timer_if.o
                0x08007ac4                TIMER_IF_Convert_Tick2ms
 .text.TIMER_IF_StopTimer
                0x08007aec       0x28 build/debug/timer_if.o
                0x08007aec                TIMER_IF_StopTimer
 .text.TIMER_IF_BkUp_Write_MSBticks
                0x08007b14       0x14 build/debug/timer_if.o
 .text.TIMER_IF_Init
                0x08007b28       0x48 build/debug/timer_if.o
                0x08007b28                TIMER_IF_Init
 .text.TIMER_IF_StartTimer
                0x08007b70       0x54 build/debug/timer_if.o
                0x08007b70                TIMER_IF_StartTimer
 .text.TIMER_IF_DelayMs
                0x08007bc4       0x3c build/debug/timer_if.o
                0x08007bc4                TIMER_IF_DelayMs
 .text.prvGetNextExpireTime
                0x08007c00       0x20 build/debug/timers.o
 .text.prvInsertTimerInActiveList
                0x08007c20       0x48 build/debug/timers.o
 .text.prvReloadTimer
                0x08007c68       0x28 build/debug/timers.o
 .text.prvProcessExpiredTimer
                0x08007c90       0x40 build/debug/timers.o
 .text.prvSwitchTimerLists
                0x08007cd0       0x30 build/debug/timers.o
 .text.prvSampleTimeNow
                0x08007d00       0x2c build/debug/timers.o
 .text.prvProcessTimerOrBlockTask
                0x08007d2c       0x74 build/debug/timers.o
 .text.prvProcessReceivedCommands
                0x08007da0      0x104 build/debug/timers.o
 .text.prvTimerTask
                0x08007ea4       0x16 build/debug/timers.o
 *fill*         0x08007eba        0x2 
 .text.prvCheckForValidListAndQueue
                0x08007ebc       0x70 build/debug/timers.o
 .text.xTimerCreateTimerTask
                0x08007f2c       0x64 build/debug/timers.o
                0x08007f2c                xTimerCreateTimerTask
 .text.vcom_Init
                0x08007f90       0x28 build/debug/usart_if.o
                0x08007f90                vcom_Init
 .text.vcom_DeInit
                0x08007fb8       0x2c build/debug/usart_if.o
                0x08007fb8                vcom_DeInit
 .text.vcom_Trace_DMA
                0x08007fe4       0x14 build/debug/usart_if.o
                0x08007fe4                vcom_Trace_DMA
 .text.vcom_ReceiveInit
                0x08007ff8       0x5c build/debug/usart_if.o
                0x08007ff8                vcom_ReceiveInit
 .text.HAL_UART_TxCpltCallback
                0x08008054       0x24 build/debug/usart_if.o
                0x08008054                HAL_UART_TxCpltCallback
 .text.HAL_UART_RxCpltCallback
                0x08008078       0x38 build/debug/usart_if.o
                0x08008078                HAL_UART_RxCpltCallback
 .text.Reset_Handler
                0x080080b0       0x50 build/debug/startup_stm32wle5xx.o
                0x080080b0                Reset_Handler
 .text.Default_Handler
                0x08008100        0x2 build/debug/startup_stm32wle5xx.o
                0x08008100                RTC_Alarm_IRQHandler
                0x08008100                EXTI2_IRQHandler
                0x08008100                TIM1_CC_IRQHandler
                0x08008100                EXTI3_IRQHandler
                0x08008100                LPTIM2_IRQHandler
                0x08008100                I2C3_ER_IRQHandler
                0x08008100                LPTIM3_IRQHandler
                0x08008100                EXTI0_IRQHandler
                0x08008100                I2C2_EV_IRQHandler
                0x08008100                TAMP_STAMP_LSECSS_SSRU_IRQHandler
                0x08008100                SPI1_IRQHandler
                0x08008100                DMA2_Channel2_IRQHandler
                0x08008100                DMA1_Channel4_IRQHandler
                0x08008100                PKA_IRQHandler
                0x08008100                DMA1_Channel7_IRQHandler
                0x08008100                SUBGHZSPI_IRQHandler
                0x08008100                DMA2_Channel1_IRQHandler
                0x08008100                I2C1_EV_IRQHandler
                0x08008100                SUBGHZ_Radio_IRQHandler
                0x08008100                DMAMUX1_OVR_IRQHandler
                0x08008100                DMA1_Channel6_IRQHandler
                0x08008100                TIM16_IRQHandler
                0x08008100                DMA2_Channel4_IRQHandler
                0x08008100                TIM1_TRG_COM_IRQHandler
                0x08008100                Default_Handler
                0x08008100                DMA2_Channel7_IRQHandler
                0x08008100                EXTI15_10_IRQHandler
                0x08008100                ADC_IRQHandler
                0x08008100                I2C3_EV_IRQHandler
                0x08008100                EXTI9_5_IRQHandler
                0x08008100                RTC_WKUP_IRQHandler
                0x08008100                PVD_PVM_IRQHandler
                0x08008100                SPI2_IRQHandler
                0x08008100                DMA2_Channel5_IRQHandler
                0x08008100                DMA1_Channel5_IRQHandler
                0x08008100                EXTI4_IRQHandler
                0x08008100                RNG_IRQHandler
                0x08008100                DMA1_Channel3_IRQHandler
                0x08008100                COMP_IRQHandler
                0x08008100                HSEM_IRQHandler
                0x08008100                TIM1_UP_IRQHandler
                0x08008100                WWDG_IRQHandler
                0x08008100                LPUART1_IRQHandler
                0x08008100                DMA2_Channel6_IRQHandler
                0x08008100                TIM2_IRQHandler
                0x08008100                TIM1_BRK_IRQHandler
                0x08008100                DAC_IRQHandler
                0x08008100                EXTI1_IRQHandler
                0x08008100                AES_IRQHandler
                0x08008100                USART2_IRQHandler
                0x08008100                I2C2_ER_IRQHandler
                0x08008100                DMA1_Channel2_IRQHandler
                0x08008100                FLASH_IRQHandler
                0x08008100                I2C1_ER_IRQHandler
                0x08008100                LPTIM1_IRQHandler
                0x08008100                DMA2_Channel3_IRQHandler
 .text.memset   0x08008102       0x10 /home/zgsdlv/.arduino15/packages/STMicroelectronics/tools/xpack-arm-none-eabi-gcc/14.2.1-1.1/bin/../lib/gcc/arm-none-eabi/14.2.1/../../../../arm-none-eabi/lib/thumb/v7e-m/nofp/libc_nano.a(libc_a-memset.o)
                0x08008102                memset
 *fill*         0x08008112        0x2 
 .text.__libc_init_array
                0x08008114       0x48 /home/zgsdlv/.arduino15/packages/STMicroelectronics/tools/xpack-arm-none-eabi-gcc/14.2.1-1.1/bin/../lib/gcc/arm-none-eabi/14.2.1/../../../../arm-none-eabi/lib/thumb/v7e-m/nofp/libc_nano.a(libc_a-init.o)
                0x08008114                __libc_init_array
 .text.memcpy   0x0800815c       0x1c /home/zgsdlv/.arduino15/packages/STMicroelectronics/tools/xpack-arm-none-eabi-gcc/14.2.1-1.1/bin/../lib/gcc/arm-none-eabi/14.2.1/../../../../arm-none-eabi/lib/thumb/v7e-m/nofp/libc_nano.a(libc_a-memcpy-stub.o)
                0x0800815c                memcpy
 .text.__udivmoddi4
                0x08008178      0x2f8 /home/zgsdlv/.arduino15/packages/STMicroelectronics/tools/xpack-arm-none-eabi-gcc/14.2.1-1.1/bin/../lib/gcc/arm-none-eabi/14.2.1/thumb/v7e-m/nofp/libgcc.a(_udivmoddi4.o)
                0x08008178                __udivmoddi4
 *(.glue_7)
 .glue_7        0x08008470        0x0 linker stubs
 *(.glue_7t)
 .glue_7t       0x08008470        0x0 linker stubs
 *(.eh_frame)
 .eh_frame      0x08008470        0x0 /home/zgsdlv/.arduino15/packages/STMicroelectronics/tools/xpack-arm-none-eabi-gcc/14.2.1-1.1/bin/../lib/gcc/arm-none-eabi/14.2.1/thumb/v7e-m/nofp/crtbegin.o
 *(.init)
 .init          0x08008470        0x4 /home/zgsdlv/.arduino15/packages/STMicroelectronics/tools/xpack-arm-none-eabi-gcc/14.2.1-1.1/bin/../lib/gcc/arm-none-eabi/14.2.1/thumb/v7e-m/nofp/crti.o
                0x08008470                _init
 .init          0x08008474        0x8 /home/zgsdlv/.arduino15/packages/STMicroelectronics/tools/xpack-arm-none-eabi-gcc/14.2.1-1.1/bin/../lib/gcc/arm-none-eabi/14.2.1/thumb/v7e-m/nofp/crtn.o
 *(.fini)
 .fini          0x0800847c        0x4 /home/zgsdlv/.arduino15/packages/STMicroelectronics/tools/xpack-arm-none-eabi-gcc/14.2.1-1.1/bin/../lib/gcc/arm-none-eabi/14.2.1/thumb/v7e-m/nofp/crti.o
                0x0800847c                _fini
 .fini          0x08008480        0x8 /home/zgsdlv/.arduino15/packages/STMicroelectronics/tools/xpack-arm-none-eabi-gcc/14.2.1-1.1/bin/../lib/gcc/arm-none-eabi/14.2.1/thumb/v7e-m/nofp/crtn.o
                0x08008488                        . = ALIGN (0x8)
                0x08008488                        _etext = .

.vfp11_veneer   0x08008488        0x0
 .vfp11_veneer  0x08008488        0x0 linker stubs

.v4_bx          0x08008488        0x0
 .v4_bx         0x08008488        0x0 linker stubs

.iplt           0x08008488        0x0
 .iplt          0x08008488        0x0 /home/zgsdlv/.arduino15/packages/STMicroelectronics/tools/xpack-arm-none-eabi-gcc/14.2.1-1.1/bin/../lib/gcc/arm-none-eabi/14.2.1/thumb/v7e-m/nofp/crtbegin.o

.rodata         0x08008488      0x320
                0x08008488                        . = ALIGN (0x8)
 *(.rodata)
 .rodata        0x08008488        0x8 build/debug/radio.o
 .rodata        0x08008490       0x1c build/debug/stm32wlxx_hal_rcc.o
 *(.rodata*)
 .rodata.StartDefaultTask.str1.4
                0x080084ac       0x8c build/debug/main.o
                                  0xe (size before relaxing)
 .rodata.str1.4
                0x08008538        0xc build/debug/main.o
 .rodata.defaultTask_attributes
                0x08008538       0x24 build/debug/main.o
                0x08008538                defaultTask_attributes
 .rodata.Bandwidths
                0x0800855c        0x3 build/debug/radio.o
                0x0800855c                Bandwidths
 *fill*         0x0800855f        0x1 
 .rodata.Radio  0x08008560       0x8c build/debug/radio.o
                0x08008560                Radio
 .rodata.FskBandwidths
                0x080085ec       0xb0 build/debug/radio_driver.o
 .rodata.ee_number.str1.4
                0x0800869c       0x4d build/debug/stm32_tiny_vsnprintf.o
 .rodata.tiny_vsnprintf_like.str1.4
                0x0800869c        0x7 build/debug/stm32_tiny_vsnprintf.o
 .rodata.UARTPrescTable
                0x0800869c       0x18 build/debug/stm32wlxx_hal_uart.o
                0x0800869c                UARTPrescTable
 .rodata.denominator.0
                0x080086b4        0x8 build/debug/stm32wlxx_hal_uart_ex.o
 .rodata.numerator.1
                0x080086bc        0x8 build/debug/stm32wlxx_hal_uart_ex.o
 .rodata.MSIRangeTable
                0x080086c4       0x40 build/debug/system_stm32wlxx.o
                0x080086c4                MSIRangeTable
 .rodata.APBPrescTable
                0x08008704       0x20 build/debug/system_stm32wlxx.o
                0x08008704                APBPrescTable
 .rodata.AHBPrescTable
                0x08008724       0x40 build/debug/system_stm32wlxx.o
                0x08008724                AHBPrescTable
 .rodata.vTaskStartScheduler.str1.4
                0x08008764        0x5 build/debug/tasks.o
 .rodata.uxTopUsedPriority
                0x08008764        0x4 build/debug/tasks.o
                0x08008764                uxTopUsedPriority
 .rodata.UTIL_TimerDriver
                0x08008768       0x2c build/debug/timer_if.o
                0x08008768                UTIL_TimerDriver
 .rodata.prvCheckForValidListAndQueue.str1.4
                0x08008794        0x5 build/debug/timers.o
 .rodata.xTimerCreateTimerTask.str1.4
                0x08008794        0x8 build/debug/timers.o
 .rodata.UTIL_TraceDriver
                0x08008794       0x10 build/debug/usart_if.o
                0x08008794                UTIL_TraceDriver
                0x080087a8                        . = ALIGN (0x8)
 *fill*         0x080087a4        0x4 

.ARM.extab      0x080087a8        0x0
                0x080087a8                        . = ALIGN (0x8)
 *(.ARM.extab* .gnu.linkonce.armextab.*)
                0x080087a8                        . = ALIGN (0x8)

.ARM            0x080087a8        0x8
                0x080087a8                        . = ALIGN (0x8)
                0x080087a8                        __exidx_start = .
 *(.ARM.exidx*)
 .ARM.exidx     0x080087a8        0x8 /home/zgsdlv/.arduino15/packages/STMicroelectronics/tools/xpack-arm-none-eabi-gcc/14.2.1-1.1/bin/../lib/gcc/arm-none-eabi/14.2.1/../../../../arm-none-eabi/lib/thumb/v7e-m/nofp/libc_nano.a(libc_a-strlen.o)
 .ARM.exidx.text.__udivmoddi4
                0x080087b0        0x0 /home/zgsdlv/.arduino15/packages/STMicroelectronics/tools/xpack-arm-none-eabi-gcc/14.2.1-1.1/bin/../lib/gcc/arm-none-eabi/14.2.1/thumb/v7e-m/nofp/libgcc.a(_udivmoddi4.o)
                                  0x8 (size before relaxing)
                0x080087b0                        __exidx_end = .
                0x080087b0                        . = ALIGN (0x8)

.preinit_array  0x080087b0        0x0
                0x080087b0                        . = ALIGN (0x8)
                0x080087b0                        PROVIDE (__preinit_array_start = .)
 *(.preinit_array*)
                0x080087b0                        PROVIDE (__preinit_array_end = .)
                0x080087b0                        . = ALIGN (0x8)

.init_array     0x080087b0        0x8
                0x080087b0                        . = ALIGN (0x8)
                0x080087b0                        PROVIDE (__init_array_start = .)
 *(SORT_BY_NAME(.init_array.*))
 *(.init_array*)
 .init_array    0x080087b0        0x4 /home/zgsdlv/.arduino15/packages/STMicroelectronics/tools/xpack-arm-none-eabi-gcc/14.2.1-1.1/bin/../lib/gcc/arm-none-eabi/14.2.1/thumb/v7e-m/nofp/crtbegin.o
                0x080087b4                        PROVIDE (__init_array_end = .)
                0x080087b8                        . = ALIGN (0x8)
 *fill*         0x080087b4        0x4 

.fini_array     0x080087b8        0x8
                0x080087b8                        . = ALIGN (0x8)
                0x080087b8                        PROVIDE (__fini_array_start = .)
 *(SORT_BY_NAME(.fini_array.*))
 *(.fini_array*)
 .fini_array    0x080087b8        0x4 /home/zgsdlv/.arduino15/packages/STMicroelectronics/tools/xpack-arm-none-eabi-gcc/14.2.1-1.1/bin/../lib/gcc/arm-none-eabi/14.2.1/thumb/v7e-m/nofp/crtbegin.o
                0x080087bc                        PROVIDE (__fini_array_end = .)
                0x080087c0                        . = ALIGN (0x8)
 *fill*         0x080087bc        0x4 
                0x080087c0                        _sidata = LOADADDR (.data)

.rel.dyn        0x080087c0        0x0
 .rel.iplt      0x080087c0        0x0 /home/zgsdlv/.arduino15/packages/STMicroelectronics/tools/xpack-arm-none-eabi-gcc/14.2.1-1.1/bin/../lib/gcc/arm-none-eabi/14.2.1/thumb/v7e-m/nofp/crtbegin.o

.data           0x20000000       0x10 load address 0x080087c0
                0x20000000                        . = ALIGN (0x8)
                0x20000000                        _sdata = .
 *(.data)
 *(.data*)
 .data.uxCriticalNesting
                0x20000000        0x4 build/debug/port.o
 .data.MaxPayloadLength
                0x20000004        0x1 build/debug/radio.o
 .data.uwTickFreq
                0x20000005        0x1 build/debug/stm32wlxx_hal.o
                0x20000005                uwTickFreq
 *fill*         0x20000006        0x2 
 .data.uwTickPrio
                0x20000008        0x4 build/debug/stm32wlxx_hal.o
                0x20000008                uwTickPrio
 .data.SystemCoreClock
                0x2000000c        0x4 build/debug/system_stm32wlxx.o
                0x2000000c                SystemCoreClock
                0x20000010                        . = ALIGN (0x8)

.igot.plt       0x20000010        0x0 load address 0x080087d0
 .igot.plt      0x20000010        0x0 /home/zgsdlv/.arduino15/packages/STMicroelectronics/tools/xpack-arm-none-eabi-gcc/14.2.1-1.1/bin/../lib/gcc/arm-none-eabi/14.2.1/thumb/v7e-m/nofp/crtbegin.o

.tdata          0x20000010        0x0 load address 0x080087d0
 *(.tdata .tdata.* .gnu.linkonce.td.*)
                0x20000010                        . = ALIGN (0x4)
                0x20000010                        _edata = .
                [!provide]                        PROVIDE (__data_end = .)
                [!provide]                        PROVIDE (__tdata_end = .)
                [!provide]                        PROVIDE (__tdata_start = ADDR (.tdata))
                [!provide]                        PROVIDE (__tdata_size = (__tdata_end - __tdata_start))
                [!provide]                        PROVIDE (__data_start = ADDR (.data))
                [!provide]                        PROVIDE (__data_size = (__data_end - __data_start))
                [!provide]                        PROVIDE (__tdata_source = LOADADDR (.tdata))
                [!provide]                        PROVIDE (__tdata_source_end = (LOADADDR (.tdata) + SIZEOF (.tdata)))
                [!provide]                        PROVIDE (__tdata_source_size = (__tdata_source_end - __tdata_source))
                [!provide]                        PROVIDE (__data_source = LOADADDR (.data))
                [!provide]                        PROVIDE (__data_source_end = __tdata_source_end)
                [!provide]                        PROVIDE (__data_source_size = (__data_source_end - __data_source))
                0x20000010                        . = ALIGN (0x8)

.tbss           0x20000010        0x0 load address 0x080087d0
                0x20000010                        _sbss = .
                0x20000010                        __bss_start__ = _sbss
 *(.tbss .tbss.*)
                0x20000010                        . = ALIGN (0x4)
                [!provide]                        PROVIDE (__tbss_end = .)
                [!provide]                        PROVIDE (__tbss_start = ADDR (.tbss))
                [!provide]                        PROVIDE (__tbss_size = (__tbss_end - __tbss_start))
                [!provide]                        PROVIDE (__tbss_offset = (ADDR (.tbss) - ADDR (.tdata)))
                [!provide]                        PROVIDE (__tls_base = __tdata_start)
                [!provide]                        PROVIDE (__tls_end = __tbss_end)
                [!provide]                        PROVIDE (__tls_size = (__tls_end - __tls_base))
                [!provide]                        PROVIDE (__tls_align = MAX (ALIGNOF (.tdata), ALIGNOF (.tbss)))
                [!provide]                        PROVIDE (__tls_size_align = (((__tls_size + __tls_align) - 0x1) & ~ ((__tls_align - 0x1))))
                [!provide]                        PROVIDE (__arm32_tls_tcb_offset = MAX (0x8, __tls_align))
                [!provide]                        PROVIDE (__arm64_tls_tcb_offset = MAX (0x10, __tls_align))

.bss            0x20000010     0x53e0 load address 0x080087d0
 *(.bss)
 *(.bss*)
 .bss.completed.1
                0x20000010        0x1 /home/zgsdlv/.arduino15/packages/STMicroelectronics/tools/xpack-arm-none-eabi-gcc/14.2.1-1.1/bin/../lib/gcc/arm-none-eabi/14.2.1/thumb/v7e-m/nofp/crtbegin.o
 *fill*         0x20000011        0x3 
 .bss.object.0  0x20000014       0x18 /home/zgsdlv/.arduino15/packages/STMicroelectronics/tools/xpack-arm-none-eabi-gcc/14.2.1-1.1/bin/../lib/gcc/arm-none-eabi/14.2.1/thumb/v7e-m/nofp/crtbegin.o
 .bss.Timer_Stack.0
                0x2000002c      0x400 build/debug/cmsis_os2.o
 .bss.Timer_TCB.1
                0x2000042c       0x5c build/debug/cmsis_os2.o
 .bss.Idle_Stack.2
                0x20000488      0x200 build/debug/cmsis_os2.o
 .bss.Idle_TCB.3
                0x20000688       0x5c build/debug/cmsis_os2.o
 .bss.KernelState
                0x200006e4        0x4 build/debug/cmsis_os2.o
 .bss.xNumberOfSuccessfulFrees
                0x200006e8        0x4 build/debug/heap_4.o
 .bss.xNumberOfSuccessfulAllocations
                0x200006ec        0x4 build/debug/heap_4.o
 .bss.xMinimumEverFreeBytesRemaining
                0x200006f0        0x4 build/debug/heap_4.o
 .bss.xFreeBytesRemaining
                0x200006f4        0x4 build/debug/heap_4.o
 .bss.pxEnd     0x200006f8        0x4 build/debug/heap_4.o
 .bss.xStart    0x200006fc        0x8 build/debug/heap_4.o
 .bss.ucHeap    0x20000704     0x4000 build/debug/heap_4.o
 .bss.defaultTaskHandle
                0x20004704        0x4 build/debug/main.o
                0x20004704                defaultTaskHandle
 .bss.hdma_usart1_tx
                0x20004708       0x60 build/debug/main.o
                0x20004708                hdma_usart1_tx
 .bss.huart1    0x20004768       0x94 build/debug/main.o
                0x20004768                huart1
 .bss.hsubghz   0x200047fc        0xc build/debug/main.o
                0x200047fc                hsubghz
 .bss.hrtc      0x20004808       0x38 build/debug/main.o
                0x20004808                hrtc
 .bss.ulMaxPRIGROUPValue
                0x20004840        0x4 build/debug/port.o
 .bss.ucMaxSysCallPriority
                0x20004844        0x1 build/debug/port.o
 *fill*         0x20004845        0x3 
 .bss.xQueueRegistry
                0x20004848       0x40 build/debug/queue.o
                0x20004848                xQueueRegistry
 .bss.RxTimeoutTimer
                0x20004888       0x18 build/debug/radio.o
                0x20004888                RxTimeoutTimer
 .bss.TxTimeoutTimer
                0x200048a0       0x18 build/debug/radio.o
                0x200048a0                TxTimeoutTimer
 .bss.SubgRf    0x200048b8       0x5c build/debug/radio.o
                0x200048b8                SubgRf
 .bss.RadioEvents
                0x20004914        0x4 build/debug/radio.o
 .bss.RadioBuffer
                0x20004918       0xff build/debug/radio.o
 *fill*         0x20004a17        0x1 
 .bss.RadioOnDioIrqCb
                0x20004a18        0x4 build/debug/radio_driver.o
 .bss.ImageCalibrated
                0x20004a1c        0x1 build/debug/radio_driver.o
 *fill*         0x20004a1d        0x3 
 .bss.FrequencyError
                0x20004a20        0x4 build/debug/radio_driver.o
                0x20004a20                FrequencyError
 .bss.LoRaHeaderType
                0x20004a24        0x1 build/debug/radio_driver.o
 .bss.PacketType
                0x20004a25        0x1 build/debug/radio_driver.o
 .bss.OperatingMode
                0x20004a26        0x1 build/debug/radio_driver.o
 *fill*         0x20004a27        0x1 
 .bss.sztmp     0x20004a28      0x100 build/debug/stm32_adv_trace.o
 .bss.ADV_TRACE_Buffer
                0x20004b28      0x200 build/debug/stm32_adv_trace.o
 .bss.ADV_TRACE_Ctx
                0x20004d28       0x18 build/debug/stm32_adv_trace.o
 .bss.TimerListHead
                0x20004d40        0x4 build/debug/stm32_timer.o
 .bss.uwTick    0x20004d44        0x4 build/debug/stm32wlxx_hal.o
                0x20004d44                uwTick
 .bss.htim17    0x20004d48       0x4c build/debug/stm32wlxx_hal_timebase_tim.o
                0x20004d48                htim17
 .bss.RadioEvents
                0x20004d94       0x1c build/debug/subghz_phy_app.o
 .bss.uxSchedulerSuspended
                0x20004db0        0x4 build/debug/tasks.o
 .bss.xIdleTaskHandle
                0x20004db4        0x4 build/debug/tasks.o
 .bss.xNextTaskUnblockTime
                0x20004db8        0x4 build/debug/tasks.o
 .bss.uxTaskNumber
                0x20004dbc        0x4 build/debug/tasks.o
 .bss.xNumOfOverflows
                0x20004dc0        0x4 build/debug/tasks.o
 .bss.xYieldPending
                0x20004dc4        0x4 build/debug/tasks.o
 .bss.xPendedTicks
                0x20004dc8        0x4 build/debug/tasks.o
 .bss.xSchedulerRunning
                0x20004dcc        0x4 build/debug/tasks.o
 .bss.uxTopReadyPriority
                0x20004dd0        0x4 build/debug/tasks.o
 .bss.xTickCount
                0x20004dd4        0x4 build/debug/tasks.o
 .bss.uxCurrentNumberOfTasks
                0x20004dd8        0x4 build/debug/tasks.o
 .bss.xSuspendedTaskList
                0x20004ddc       0x14 build/debug/tasks.o
 .bss.uxDeletedTasksWaitingCleanUp
                0x20004df0        0x4 build/debug/tasks.o
 .bss.xTasksWaitingTermination
                0x20004df4       0x14 build/debug/tasks.o
 .bss.xPendingReadyList
                0x20004e08       0x14 build/debug/tasks.o
 .bss.pxOverflowDelayedTaskList
                0x20004e1c        0x4 build/debug/tasks.o
 .bss.pxDelayedTaskList
                0x20004e20        0x4 build/debug/tasks.o
 .bss.xDelayedTaskList2
                0x20004e24       0x14 build/debug/tasks.o
 .bss.xDelayedTaskList1
                0x20004e38       0x14 build/debug/tasks.o
 .bss.pxReadyTasksLists
                0x20004e4c      0x460 build/debug/tasks.o
 .bss.pxCurrentTCB
                0x200052ac        0x4 build/debug/tasks.o
                0x200052ac                pxCurrentTCB
 .bss.RtcTimerContext
                0x200052b0        0x4 build/debug/timer_if.o
 .bss.RTC_Initialized
                0x200052b4        0x1 build/debug/timer_if.o
 *fill*         0x200052b5        0x3 
 .bss.xStaticTimerQueue.0
                0x200052b8       0x50 build/debug/timers.o
 .bss.ucStaticTimerQueueStorage.1
                0x20005308       0xa0 build/debug/timers.o
 .bss.xLastTime.2
                0x200053a8        0x4 build/debug/timers.o
 .bss.xTimerTaskHandle
                0x200053ac        0x4 build/debug/timers.o
 .bss.xTimerQueue
                0x200053b0        0x4 build/debug/timers.o
 .bss.pxOverflowTimerList
                0x200053b4        0x4 build/debug/timers.o
 .bss.pxCurrentTimerList
                0x200053b8        0x4 build/debug/timers.o
 .bss.xActiveTimerList2
                0x200053bc       0x14 build/debug/timers.o
 .bss.xActiveTimerList1
                0x200053d0       0x14 build/debug/timers.o
 .bss.RxCpltCallback
                0x200053e4        0x4 build/debug/usart_if.o
 .bss.TxCpltCallback
                0x200053e8        0x4 build/debug/usart_if.o
 .bss.charRx    0x200053ec        0x1 build/debug/usart_if.o
                0x200053ec                charRx
 *(COMMON)
                0x200053f0                        . = ALIGN (0x8)
 *fill*         0x200053ed        0x3 
                0x200053f0                        . = ALIGN (0x4)
                0x200053f0                        _ebss = .
                0x200053f0                        __bss_end__ = _ebss
                [!provide]                        PROVIDE (__bss_end = .)
                [!provide]                        PROVIDE (__non_tls_bss_start = ADDR (.bss))
                [!provide]                        PROVIDE (__bss_start = __tbss_start)
                [!provide]                        PROVIDE (__bss_size = (__bss_end - __bss_start))
                0x200053f0                        . = ALIGN (0x8)

RAM1_region     0x200053f0        0x0 load address 0x080087d0
                0x200053f0                        _sRAM1_region = .
 *(.RAM1_region)
                0x200053f0                        . = ALIGN (0x8)
                0x200053f0                        _eRAM1_region = .
                0x200053f0                        . = ALIGN (0x8)

RAM2_region     0x20008000        0x0
                0x20008000                        _sRAM2_region = .
 *(.RAM2_region)
                0x20008000                        . = ALIGN (0x8)
                0x20008000                        _eRAM2_region = .

._user_heap_stack
                0x200053f0      0x600
                0x200053f0                        . = ALIGN (0x8)
                [!provide]                        PROVIDE (end = .)
                0x200053f0                        PROVIDE (_end = .)
                0x200055f0                        . = (. + _Min_Heap_Size)
 *fill*         0x200053f0      0x200 
                0x200059f0                        . = (. + _Min_Stack_Size)
 *fill*         0x200055f0      0x400 
                0x200059f0                        . = ALIGN (0x8)

/DISCARD/
 libc.a:*(*)
 libm.a:*(*)
 libgcc.a:*(*)

.ARM.attributes
                0x00000000       0x2a
 *(.ARM.attributes)
 .ARM.attributes
                0x00000000       0x1e /home/zgsdlv/.arduino15/packages/STMicroelectronics/tools/xpack-arm-none-eabi-gcc/14.2.1-1.1/bin/../lib/gcc/arm-none-eabi/14.2.1/thumb/v7e-m/nofp/crti.o
 .ARM.attributes
                0x0000001e       0x2e /home/zgsdlv/.arduino15/packages/STMicroelectronics/tools/xpack-arm-none-eabi-gcc/14.2.1-1.1/bin/../lib/gcc/arm-none-eabi/14.2.1/thumb/v7e-m/nofp/crtbegin.o
 .ARM.attributes
                0x0000004c       0x2e build/debug/app_freertos.o
 .ARM.attributes
                0x0000007a       0x2e build/debug/app_subghz_phy.o
 .ARM.attributes
                0x000000a8       0x2e build/debug/cmsis_os2.o
 .ARM.attributes
                0x000000d6       0x2e build/debug/heap_4.o
 .ARM.attributes
                0x00000104       0x2e build/debug/list.o
 .ARM.attributes
                0x00000132       0x2e build/debug/main.o
 .ARM.attributes
                0x00000160       0x2e build/debug/port.o
 .ARM.attributes
                0x0000018e       0x2e build/debug/queue.o
 .ARM.attributes
                0x000001bc       0x2e build/debug/radio.o
 .ARM.attributes
                0x000001ea       0x2e build/debug/radio_board_if.o
 .ARM.attributes
                0x00000218       0x2e build/debug/radio_driver.o
 .ARM.attributes
                0x00000246       0x2e build/debug/radio_fw.o
 .ARM.attributes
                0x00000274       0x2e build/debug/stm32_adv_trace.o
 .ARM.attributes
                0x000002a2       0x2e build/debug/stm32_mem.o
 .ARM.attributes
                0x000002d0       0x2e build/debug/stm32_timer.o
 .ARM.attributes
                0x000002fe       0x2e build/debug/stm32_tiny_vsnprintf.o
 .ARM.attributes
                0x0000032c       0x2e build/debug/stm32wlxx_hal.o
 .ARM.attributes
                0x0000035a       0x2e build/debug/stm32wlxx_hal_cortex.o
 .ARM.attributes
                0x00000388       0x2e build/debug/stm32wlxx_hal_dma.o
 .ARM.attributes
                0x000003b6       0x2e build/debug/stm32wlxx_hal_gpio.o
 .ARM.attributes
                0x000003e4       0x2e build/debug/stm32wlxx_hal_msp.o
 .ARM.attributes
                0x00000412       0x2e build/debug/stm32wlxx_hal_pwr.o
 .ARM.attributes
                0x00000440       0x2e build/debug/stm32wlxx_hal_pwr_ex.o
 .ARM.attributes
                0x0000046e       0x2e build/debug/stm32wlxx_hal_rcc.o
 .ARM.attributes
                0x0000049c       0x2e build/debug/stm32wlxx_hal_rcc_ex.o
 .ARM.attributes
                0x000004ca       0x2e build/debug/stm32wlxx_hal_rtc.o
 .ARM.attributes
                0x000004f8       0x2e build/debug/stm32wlxx_hal_rtc_ex.o
 .ARM.attributes
                0x00000526       0x2e build/debug/stm32wlxx_hal_subghz.o
 .ARM.attributes
                0x00000554       0x2e build/debug/stm32wlxx_hal_tim.o
 .ARM.attributes
                0x00000582       0x2e build/debug/stm32wlxx_hal_tim_ex.o
 .ARM.attributes
                0x000005b0       0x2e build/debug/stm32wlxx_hal_timebase_tim.o
 .ARM.attributes
                0x000005de       0x2e build/debug/stm32wlxx_hal_uart.o
 .ARM.attributes
                0x0000060c       0x2e build/debug/stm32wlxx_hal_uart_ex.o
 .ARM.attributes
                0x0000063a       0x2e build/debug/stm32wlxx_it.o
 .ARM.attributes
                0x00000668       0x2e build/debug/subghz_phy_app.o
 .ARM.attributes
                0x00000696       0x2e build/debug/sys_app.o
 .ARM.attributes
                0x000006c4       0x2e build/debug/system_stm32wlxx.o
 .ARM.attributes
                0x000006f2       0x2e build/debug/tasks.o
 .ARM.attributes
                0x00000720       0x2e build/debug/timer_if.o
 .ARM.attributes
                0x0000074e       0x2e build/debug/timers.o
 .ARM.attributes
                0x0000077c       0x2e build/debug/usart_if.o
 .ARM.attributes
                0x000007aa       0x21 build/debug/startup_stm32wle5xx.o
 .ARM.attributes
                0x000007cb       0x2e /home/zgsdlv/.arduino15/packages/STMicroelectronics/tools/xpack-arm-none-eabi-gcc/14.2.1-1.1/bin/../lib/gcc/arm-none-eabi/14.2.1/../../../../arm-none-eabi/lib/thumb/v7e-m/nofp/libc_nano.a(libc_a-memset.o)
 .ARM.attributes
                0x000007f9       0x2e /home/zgsdlv/.arduino15/packages/STMicroelectronics/tools/xpack-arm-none-eabi-gcc/14.2.1-1.1/bin/../lib/gcc/arm-none-eabi/14.2.1/../../../../arm-none-eabi/lib/thumb/v7e-m/nofp/libc_nano.a(libc_a-init.o)
 .ARM.attributes
                0x00000827       0x2e /home/zgsdlv/.arduino15/packages/STMicroelectronics/tools/xpack-arm-none-eabi-gcc/14.2.1-1.1/bin/../lib/gcc/arm-none-eabi/14.2.1/../../../../arm-none-eabi/lib/thumb/v7e-m/nofp/libc_nano.a(libc_a-memcpy-stub.o)
 .ARM.attributes
                0x00000855       0x17 /home/zgsdlv/.arduino15/packages/STMicroelectronics/tools/xpack-arm-none-eabi-gcc/14.2.1-1.1/bin/../lib/gcc/arm-none-eabi/14.2.1/../../../../arm-none-eabi/lib/thumb/v7e-m/nofp/libc_nano.a(libc_a-strlen.o)
 .ARM.attributes
                0x0000086c       0x1e /home/zgsdlv/.arduino15/packages/STMicroelectronics/tools/xpack-arm-none-eabi-gcc/14.2.1-1.1/bin/../lib/gcc/arm-none-eabi/14.2.1/thumb/v7e-m/nofp/libgcc.a(_aeabi_uldivmod.o)
 .ARM.attributes
                0x0000088a       0x2e /home/zgsdlv/.arduino15/packages/STMicroelectronics/tools/xpack-arm-none-eabi-gcc/14.2.1-1.1/bin/../lib/gcc/arm-none-eabi/14.2.1/thumb/v7e-m/nofp/libgcc.a(_udivmoddi4.o)
 .ARM.attributes
                0x000008b8       0x1e /home/zgsdlv/.arduino15/packages/STMicroelectronics/tools/xpack-arm-none-eabi-gcc/14.2.1-1.1/bin/../lib/gcc/arm-none-eabi/14.2.1/thumb/v7e-m/nofp/libgcc.a(_dvmd_tls.o)
 .ARM.attributes
                0x000008d6       0x1e /home/zgsdlv/.arduino15/packages/STMicroelectronics/tools/xpack-arm-none-eabi-gcc/14.2.1-1.1/bin/../lib/gcc/arm-none-eabi/14.2.1/thumb/v7e-m/nofp/crtn.o
OUTPUT(build/debug/A3_Sending_Pebble.elf elf32-littlearm)
LOAD linker stubs

.comment        0x00000000       0x39
 .comment       0x00000000       0x39 /home/zgsdlv/.arduino15/packages/STMicroelectronics/tools/xpack-arm-none-eabi-gcc/14.2.1-1.1/bin/../lib/gcc/arm-none-eabi/14.2.1/thumb/v7e-m/nofp/crtbegin.o
                                 0x3a (size before relaxing)
 .comment       0x00000039       0x3a build/debug/app_freertos.o
 .comment       0x00000039       0x3a build/debug/app_subghz_phy.o
 .comment       0x00000039       0x3a build/debug/cmsis_os2.o
 .comment       0x00000039       0x3a build/debug/heap_4.o
 .comment       0x00000039       0x3a build/debug/list.o
 .comment       0x00000039       0x3a build/debug/main.o
 .comment       0x00000039       0x3a build/debug/port.o
 .comment       0x00000039       0x3a build/debug/queue.o
 .comment       0x00000039       0x3a build/debug/radio.o
 .comment       0x00000039       0x3a build/debug/radio_board_if.o
 .comment       0x00000039       0x3a build/debug/radio_driver.o
 .comment       0x00000039       0x3a build/debug/radio_fw.o
 .comment       0x00000039       0x3a build/debug/stm32_adv_trace.o
 .comment       0x00000039       0x3a build/debug/stm32_mem.o
 .comment       0x00000039       0x3a build/debug/stm32_timer.o
 .comment       0x00000039       0x3a build/debug/stm32_tiny_vsnprintf.o
 .comment       0x00000039       0x3a build/debug/stm32wlxx_hal.o
 .comment       0x00000039       0x3a build/debug/stm32wlxx_hal_cortex.o
 .comment       0x00000039       0x3a build/debug/stm32wlxx_hal_dma.o
 .comment       0x00000039       0x3a build/debug/stm32wlxx_hal_gpio.o
 .comment       0x00000039       0x3a build/debug/stm32wlxx_hal_msp.o
 .comment       0x00000039       0x3a build/debug/stm32wlxx_hal_pwr.o
 .comment       0x00000039       0x3a build/debug/stm32wlxx_hal_pwr_ex.o
 .comment       0x00000039       0x3a build/debug/stm32wlxx_hal_rcc.o
 .comment       0x00000039       0x3a build/debug/stm32wlxx_hal_rcc_ex.o
 .comment       0x00000039       0x3a build/debug/stm32wlxx_hal_rtc.o
 .comment       0x00000039       0x3a build/debug/stm32wlxx_hal_rtc_ex.o
 .comment       0x00000039       0x3a build/debug/stm32wlxx_hal_subghz.o
 .comment       0x00000039       0x3a build/debug/stm32wlxx_hal_tim.o
 .comment       0x00000039       0x3a build/debug/stm32wlxx_hal_tim_ex.o
 .comment       0x00000039       0x3a build/debug/stm32wlxx_hal_timebase_tim.o
 .comment       0x00000039       0x3a build/debug/stm32wlxx_hal_uart.o
 .comment       0x00000039       0x3a build/debug/stm32wlxx_hal_uart_ex.o
 .comment       0x00000039       0x3a build/debug/stm32wlxx_it.o
 .comment       0x00000039       0x3a build/debug/subghz_phy_app.o
 .comment       0x00000039       0x3a build/debug/sys_app.o
 .comment       0x00000039       0x3a build/debug/system_stm32wlxx.o
 .comment       0x00000039       0x3a build/debug/tasks.o
 .comment       0x00000039       0x3a build/debug/timer_if.o
 .comment       0x00000039       0x3a build/debug/timers.o
 .comment       0x00000039       0x3a build/debug/usart_if.o
 .comment       0x00000039       0x3a /home/zgsdlv/.arduino15/packages/STMicroelectronics/tools/xpack-arm-none-eabi-gcc/14.2.1-1.1/bin/../lib/gcc/arm-none-eabi/14.2.1/../../../../arm-none-eabi/lib/thumb/v7e-m/nofp/libc_nano.a(libc_a-memset.o)
 .comment       0x00000039       0x3a /home/zgsdlv/.arduino15/packages/STMicroelectronics/tools/xpack-arm-none-eabi-gcc/14.2.1-1.1/bin/../lib/gcc/arm-none-eabi/14.2.1/../../../../arm-none-eabi/lib/thumb/v7e-m/nofp/libc_nano.a(libc_a-init.o)
 .comment       0x00000039       0x3a /home/zgsdlv/.arduino15/packages/STMicroelectronics/tools/xpack-arm-none-eabi-gcc/14.2.1-1.1/bin/../lib/gcc/arm-none-eabi/14.2.1/../../../../arm-none-eabi/lib/thumb/v7e-m/nofp/libc_nano.a(libc_a-memcpy-stub.o)
 .comment       0x00000039       0x3a /home/zgsdlv/.arduino15/packages/STMicroelectronics/tools/xpack-arm-none-eabi-gcc/14.2.1-1.1/bin/../lib/gcc/arm-none-eabi/14.2.1/thumb/v7e-m/nofp/libgcc.a(_udivmoddi4.o)

.debug_info     0x00000000    0x39b8b
 .debug_info    0x00000000      0x14e build/debug/app_freertos.o
 .debug_info    0x0000014e       0xae build/debug/app_subghz_phy.o
 .debug_info    0x000001fc     0x4882 build/debug/cmsis_os2.o
 .debug_info    0x00004a7e      0x693 build/debug/heap_4.o
 .debug_info    0x00005111      0x2bf build/debug/list.o
 .debug_info    0x000053d0     0x2287 build/debug/main.o
 .debug_info    0x00007657      0x52f build/debug/port.o
 .debug_info    0x00007b86     0x29bb build/debug/queue.o
 .debug_info    0x0000a541     0x3a5f build/debug/radio.o
 .debug_info    0x0000dfa0      0x24d build/debug/radio_board_if.o
 .debug_info    0x0000e1ed     0x3201 build/debug/radio_driver.o
 .debug_info    0x000113ee      0xc52 build/debug/radio_fw.o
 .debug_info    0x00012040     0x1001 build/debug/stm32_adv_trace.o
 .debug_info    0x00013041      0x1fa build/debug/stm32_mem.o
 .debug_info    0x0001323b      0xbae build/debug/stm32_timer.o
 .debug_info    0x00013de9      0x3b7 build/debug/stm32_tiny_vsnprintf.o
 .debug_info    0x000141a0     0x11cf build/debug/stm32wlxx_hal.o
 .debug_info    0x0001536f      0xf99 build/debug/stm32wlxx_hal_cortex.o
 .debug_info    0x00016308      0x9d6 build/debug/stm32wlxx_hal_dma.o
 .debug_info    0x00016cde      0x6a2 build/debug/stm32wlxx_hal_gpio.o
 .debug_info    0x00017380     0x16ef build/debug/stm32wlxx_hal_msp.o
 .debug_info    0x00018a6f      0x940 build/debug/stm32wlxx_hal_pwr.o
 .debug_info    0x000193af      0xebb build/debug/stm32wlxx_hal_pwr_ex.o
 .debug_info    0x0001a26a     0x1ba1 build/debug/stm32wlxx_hal_rcc.o
 .debug_info    0x0001be0b     0x1bda build/debug/stm32wlxx_hal_rcc_ex.o
 .debug_info    0x0001d9e5     0x11eb build/debug/stm32wlxx_hal_rtc.o
 .debug_info    0x0001ebd0     0x17e2 build/debug/stm32wlxx_hal_rtc_ex.o
 .debug_info    0x000203b2     0x1a4d build/debug/stm32wlxx_hal_subghz.o
 .debug_info    0x00021dff     0x3e88 build/debug/stm32wlxx_hal_tim.o
 .debug_info    0x00025c87     0x1f76 build/debug/stm32wlxx_hal_tim_ex.o
 .debug_info    0x00027bfd      0xe68 build/debug/stm32wlxx_hal_timebase_tim.o
 .debug_info    0x00028a65     0x6347 build/debug/stm32wlxx_hal_uart.o
 .debug_info    0x0002edac     0x1271 build/debug/stm32wlxx_hal_uart_ex.o
 .debug_info    0x0003001d      0xef5 build/debug/stm32wlxx_it.o